Archive member included to satisfy reference by file (symbol)

/opt/gcc-linaro-7.2.1-2017.11-x86_64_arm-eabi/arm-eabi/libc/usr/lib/libc.a(lib_a-atoi.o)
                              ./../../../build/tcc70xx/gcc/tcc70xx-freertos-debug/obj/audio_test.o (atoi)
/opt/gcc-linaro-7.2.1-2017.11-x86_64_arm-eabi/arm-eabi/libc/usr/lib/libc.a(lib_a-memcmp.o)
                              ./../../../build/tcc70xx/gcc/tcc70xx-freertos-debug/obj/FreeRTOS_ARP.o (memcmp)
/opt/gcc-linaro-7.2.1-2017.11-x86_64_arm-eabi/arm-eabi/libc/usr/lib/libc.a(lib_a-memcpy-stub.o)
                              ./../../../build/tcc70xx/gcc/tcc70xx-freertos-debug/obj/main.o (memcpy)
/opt/gcc-linaro-7.2.1-2017.11-x86_64_arm-eabi/arm-eabi/libc/usr/lib/libc.a(lib_a-memmove.o)
                              ./../../../build/tcc70xx/gcc/tcc70xx-freertos-debug/obj/FreeRTOS_IP.o (memmove)
/opt/gcc-linaro-7.2.1-2017.11-x86_64_arm-eabi/arm-eabi/libc/usr/lib/libc.a(lib_a-memset.o)
                              ./../../../build/tcc70xx/gcc/tcc70xx-freertos-debug/obj/main.o (memset)
/opt/gcc-linaro-7.2.1-2017.11-x86_64_arm-eabi/arm-eabi/libc/usr/lib/libc.a(lib_a-snprintf.o)
                              ./../../../build/tcc70xx/gcc/tcc70xx-freertos-debug/obj/iperf_task_v3_0d.o (snprintf)
/opt/gcc-linaro-7.2.1-2017.11-x86_64_arm-eabi/arm-eabi/libc/usr/lib/libc.a(lib_a-sprintf.o)
                              ./../../../build/tcc70xx/gcc/tcc70xx-freertos-debug/obj/iperf_task_v3_0d.o (sprintf)
/opt/gcc-linaro-7.2.1-2017.11-x86_64_arm-eabi/arm-eabi/libc/usr/lib/libc.a(lib_a-sscanf.o)
                              ./../../../build/tcc70xx/gcc/tcc70xx-freertos-debug/obj/iperf_task_v3_0d.o (sscanf)
/opt/gcc-linaro-7.2.1-2017.11-x86_64_arm-eabi/arm-eabi/libc/usr/lib/libc.a(lib_a-stdio.o)
                              /opt/gcc-linaro-7.2.1-2017.11-x86_64_arm-eabi/arm-eabi/libc/usr/lib/libc.a(lib_a-sscanf.o) (__seofread)
/opt/gcc-linaro-7.2.1-2017.11-x86_64_arm-eabi/arm-eabi/libc/usr/lib/libc.a(lib_a-strcmp.o)
                              ./../../../build/tcc70xx/gcc/tcc70xx-freertos-debug/obj/FreeRTOS_DNS.o (strcmp)
/opt/gcc-linaro-7.2.1-2017.11-x86_64_arm-eabi/arm-eabi/libc/usr/lib/libc.a(lib_a-strcpy.o)
                              ./../../../build/tcc70xx/gcc/tcc70xx-freertos-debug/obj/FreeRTOS_DNS.o (strcpy)
/opt/gcc-linaro-7.2.1-2017.11-x86_64_arm-eabi/arm-eabi/libc/usr/lib/libc.a(lib_a-strlen-stub.o)
                              ./../../../build/tcc70xx/gcc/tcc70xx-freertos-debug/obj/tasks.o (strlen)
/opt/gcc-linaro-7.2.1-2017.11-x86_64_arm-eabi/arm-eabi/libc/usr/lib/libc.a(lib_a-strncmp.o)
                              ./../../../build/tcc70xx/gcc/tcc70xx-freertos-debug/obj/iperf_task_v3_0d.o (strncmp)
/opt/gcc-linaro-7.2.1-2017.11-x86_64_arm-eabi/arm-eabi/libc/usr/lib/libc.a(lib_a-strncpy.o)
                              ./../../../build/tcc70xx/gcc/tcc70xx-freertos-debug/obj/iperf_task_v3_0d.o (strncpy)
/opt/gcc-linaro-7.2.1-2017.11-x86_64_arm-eabi/arm-eabi/libc/usr/lib/libc.a(lib_a-strnlen.o)
                              ./../../../build/tcc70xx/gcc/tcc70xx-freertos-debug/obj/sal_freertos_impl.o (strnlen)
/opt/gcc-linaro-7.2.1-2017.11-x86_64_arm-eabi/arm-eabi/libc/usr/lib/libc.a(lib_a-strtol.o)
                              /opt/gcc-linaro-7.2.1-2017.11-x86_64_arm-eabi/arm-eabi/libc/usr/lib/libc.a(lib_a-atoi.o) (_strtol_r)
/opt/gcc-linaro-7.2.1-2017.11-x86_64_arm-eabi/arm-eabi/libc/usr/lib/libc.a(lib_a-strtoul.o)
                              ./../../../build/tcc70xx/gcc/tcc70xx-freertos-debug/obj/console.o (strtoul)
/opt/gcc-linaro-7.2.1-2017.11-x86_64_arm-eabi/arm-eabi/libc/usr/lib/libc.a(lib_a-svfprintf.o)
                              /opt/gcc-linaro-7.2.1-2017.11-x86_64_arm-eabi/arm-eabi/libc/usr/lib/libc.a(lib_a-snprintf.o) (_svfprintf_r)
/opt/gcc-linaro-7.2.1-2017.11-x86_64_arm-eabi/arm-eabi/libc/usr/lib/libc.a(lib_a-svfscanf.o)
                              /opt/gcc-linaro-7.2.1-2017.11-x86_64_arm-eabi/arm-eabi/libc/usr/lib/libc.a(lib_a-sscanf.o) (__ssvfscanf_r)
/opt/gcc-linaro-7.2.1-2017.11-x86_64_arm-eabi/arm-eabi/libc/usr/lib/libc.a(lib_a-wcrtomb.o)
                              /opt/gcc-linaro-7.2.1-2017.11-x86_64_arm-eabi/arm-eabi/libc/usr/lib/libc.a(lib_a-svfprintf.o) (_wcrtomb_r)
/opt/gcc-linaro-7.2.1-2017.11-x86_64_arm-eabi/arm-eabi/libc/usr/lib/libc.a(lib_a-wcsrtombs.o)
                              /opt/gcc-linaro-7.2.1-2017.11-x86_64_arm-eabi/arm-eabi/libc/usr/lib/libc.a(lib_a-svfprintf.o) (_wcsrtombs_r)
/opt/gcc-linaro-7.2.1-2017.11-x86_64_arm-eabi/arm-eabi/libc/usr/lib/libc.a(lib_a-writer.o)
                              /opt/gcc-linaro-7.2.1-2017.11-x86_64_arm-eabi/arm-eabi/libc/usr/lib/libc.a(lib_a-stdio.o) (_write_r)
/opt/gcc-linaro-7.2.1-2017.11-x86_64_arm-eabi/arm-eabi/libc/usr/lib/libc.a(lib_a-closer.o)
                              /opt/gcc-linaro-7.2.1-2017.11-x86_64_arm-eabi/arm-eabi/libc/usr/lib/libc.a(lib_a-stdio.o) (_close_r)
/opt/gcc-linaro-7.2.1-2017.11-x86_64_arm-eabi/arm-eabi/libc/usr/lib/libc.a(lib_a-dtoa.o)
[...]
Memory Configuration

Name             Origin             Length             Attributes
SRAM             0x0000000000000000 0x0000000000079980 xrw
SRAM_CODELOAD    0x0000000000078980 0x0000000000001000 xrw
SRAM_ARM_STACK   0x0000000000079980 0x0000000000000680 xrw
CAN_NC_SRAM      0x000000000007a000 0x0000000000002000 xrw
NC_SRAM          0x000000000007c000 0x0000000000004000 xrw
REMAP_FLASH      0x0000000001043000 0x0000000000200000 xr
*default*        0x0000000000000000 0xffffffffffffffff

Linker script and memory map

                0x0000000000000000                __VECTOR_START = 0x0
                0x0000000000001000                LOADCODE_SIZE = 0x1000
                0x0000000000004000                DMA_NC_SIZE = 0x4000
                0x0000000000002000                CAN_NC_SIZE = 0x2000
                0x0000000000080000                SRAM_TOTAL_SIZE = 0x80000
                0x0000000000000680                ARM_STACK_SIZE = 0x680
                0x000000000007a000                STACK_BASE_ADDR = (((__VECTOR_START + SRAM_TOTAL_SIZE) - DMA_NC_SIZE) - CAN_NC_SIZE)

.text           0x0000000001043000    0xc7c04
                0x0000000001043000                __TEXT_START__ = .
 *startup.o(.text)
 .text          0x0000000001043000      0x240 ./../../../build/tcc70xx/gcc/tcc70xx-freertos-debug/obj/startup.o
                0x0000000001043000                reset
 *(.text)
 .text          0x0000000001043240     0x4d88 ./../../../build/tcc70xx/gcc/tcc70xx-freertos-debug/obj/main.o
                0x00000000010433b8                DriveMode_Set
                0x0000000001043434                DriveMode_Get
                0x000000000104345c                DriveMode_ToString
                0x00000000010434c8                DriveMode_SetAutoEnabled
                0x0000000001043510                DriveMode_IsAutoEnabled
                0x0000000001043538                DriveMode_UpdateAutoBySpeed
                0x0000000001043eb8                cmain
 .text          0x0000000001047fc8      0x48c ./../../../build/tcc70xx/gcc/tcc70xx-freertos-debug/obj/motor_control.o
                0x00000000010481b8                MotorControl_Init
                0x000000000104839c                MotorControl_SetSpeed
                0x00000000010483dc                MotorControl_SetDualSpeed
 .text          0x0000000001048454      0xb58 ./../../../build/tcc70xx/gcc/tcc70xx-freertos-debug/obj/can_control.o
                0x0000000001048d54                CAN_ControlInit
                0x0000000001048db8                CAN_ControlPoll
                0x0000000001048ebc                CAN_ControlSendSpeed
 .text          0x0000000001048fac      0x2e8 ./../../../build/tcc70xx/gcc/tcc70xx-freertos-debug/obj/kalman_filter.o
                0x0000000001048fac                Kalman_Init
                0x0000000001049044                Kalman_Update
 .text          0x0000000001049294      0x3b0 ./../../../build/tcc70xx/gcc/tcc70xx-freertos-debug/obj/printf_float.o
                0x0000000001049294                Print_Float_Value
 .text          0x0000000001049644      0xe1c ./../../../build/tcc70xx/gcc/tcc70xx-freertos-debug/obj/imu_calibration.o
                0x0000000001049644                Calculate_Statistics
                0x0000000001049820                IMU_Calibration_Task
 .text          0x000000000104a460      0x630 ./../../../build/tcc70xx/gcc/tcc70xx-freertos-debug/obj/servo_control.o
                0x000000000104a6d8                Servo_GetPulseNs
                0x000000000104a720                Servo_Init
                0x000000000104a8cc                Servo_SetPulseNs
                0x000000000104a984                Servo_SetPulseAllNs
                0x000000000104aa58                Servo_SetNeutral_All
 .text          0x000000000104aa90     0x1184 ./../../../build/tcc70xx/gcc/tcc70xx-freertos-debug/obj/ADXL345_test.o
                0x000000000104ad64                ADXL345_Test_Task
                0x000000000104b684                ADXL_Test_SingleRead
                0x000000000104b778                ADXL_Test_Continuous
                0x000000000104b998                ADXL_Test_ImpactDetection
 .text          0x000000000104bc14      0xa18 ./../../../build/tcc70xx/gcc/tcc70xx-freertos-debug/obj/ISO2631-1.o
                0x000000000104bf98                ISO2631_Init
                0x000000000104c060                ISO2631_SetWarmup
                0x000000000104c0b0                ISO2631_Start
                0x000000000104c348                ISO2631_Update
                0x000000000104c5ec                ISO2631_GetMetrics
 .text          0x000000000104c62c     0x1a50 ./../../../build/tcc70xx/gcc/tcc70xx-freertos-debug/obj/can_demo.o
                0x000000000104d800                CAN_DemoInitialize
                0x000000000104da54                CAN_DemoTest
                0x000000000104df78                CAN_DemoCreateApp
 .text          0x000000000104e07c     0x3d34 ./../../../build/tcc70xx/gcc/tcc70xx-freertos-debug/obj/console.o
                0x0000000001051d34                CreateConsoleTask
 .text          0x0000000001051db0     0x20c0 ./../../../build/tcc70xx/gcc/tcc70xx-freertos-debug/obj/fwupdate.o
                0x00000000010520e0                FWUD_Start
                0x0000000001053690                FWUD_Sync
                0x0000000001053df4                CreateFWUDTask
 .text          0x0000000001053e70       0xa8 ./../../../build/tcc70xx/gcc/tcc70xx-freertos-debug/obj/idle.o
                0x0000000001053e9c                IDLE_CreateTask
 .text          0x0000000001053f18     0x1200 ./../../../build/tcc70xx/gcc/tcc70xx-freertos-debug/obj/iperf_task_v3_0d.o
                0x0000000001053f88                vIPerfInstall
                0x0000000001054fc4                vIPerfTask
 .text          0x0000000001055118      0x404 ./../../../build/tcc70xx/gcc/tcc70xx-freertos-debug/obj/spi_led.o
                0x0000000001055450                SPILED_StatusOn
                0x0000000001055478                SPILED_StatusOff
                0x00000000010554a0                SPILED_CreateAppTask
 .text          0x000000000105551c      0xb0c ./../../../build/tcc70xx/gcc/tcc70xx-freertos-debug/obj/audio_test.o
                0x000000000105551c                AUDIO_Read
                0x0000000001055594                AUDIO_DACHwMute
                0x00000000010555dc                AUDIO_CreateAppTask
                0x0000000001055870                AUDIO_Init
                0x00000000010559fc                AUDIO_SampleTest
                0x0000000001055f58                AUDIO_TestUsage
 .text          0x0000000001056028      0x37c ./../../../build/tcc70xx/gcc/tcc70xx-freertos-debug/obj/audio_chip_veri.o
                0x0000000001056028                DR_Irq
                0x0000000001056098                AUDIO_LRMode_Test
                0x000000000105637c                AUDIO_ErrorOcuur_TEST
 .text          0x00000000010563a4      0x698 ./../../../build/tcc70xx/gcc/tcc70xx-freertos-debug/obj/wm8904.o
                0x00000000010563a4                WM8904_SendCmd
                0x00000000010564f8                WM8904_ReadCmd
                0x0000000001056640                WM8904_Initial
                0x0000000001056948                WM8904_SetVolume
 *fill*         0x0000000001056a3c        0x4 
 .text          0x0000000001056a40      0x6a0 ./../../../build/tcc70xx/gcc/tcc70xx-freertos-debug/obj/cpu_test.o
                0x0000000001056a40                Disble_Cache
                0x0000000001056a70                Enable_Cache
                0x0000000001056b74                Calculate_CacheTime
                0x0000000001056c9c                Calculate_FPU
                0x0000000001057044                RemapMicomTest
 .text          0x00000000010570e0      0x6dc ./../../../build/tcc70xx/gcc/tcc70xx-freertos-debug/obj/dse_test.o
                0x0000000001057148                DSE_Test_R5AccessFault
                0x0000000001057454                DSE_Test_SoftFaultCheck
 .text          0x00000000010577bc     0x2e88 ./../../../build/tcc70xx/gcc/tcc70xx-freertos-debug/obj/eflash_test.o
                0x0000000001058378                EFLASHTest_ECC
                0x0000000001058614                EFLASHTest_RESET
                0x00000000010587b0                EFLASHTest_Int_Test
                0x0000000001058d68                EFLASHTest_PflashAccessControl
                0x0000000001059004                EFLASHTest_Int_DFLASHTest
                0x00000000010598e4                EFLASHTest_DflashEcc
                0x0000000001059b80                EFLASHTest_DflashAccessControl
                0x0000000001059e1c                EFLASHTest_flashEraseWrite
                0x000000000105a230                EFLASHTest_snorEraseWrite
 .text          0x000000000105a644      0x6b4 ./../../../build/tcc70xx/gcc/tcc70xx-freertos-debug/obj/fmu_test.o
                0x000000000105aca4                FMU_StartFmuTest
 .text          0x000000000105acf8      0x39c ./../../../build/tcc70xx/gcc/tcc70xx-freertos-debug/obj/gdma_test.o
                0x000000000105acf8                GDMA_SampleForM2M
 .text          0x000000000105b094        0x0 ./../../../build/tcc70xx/gcc/tcc70xx-freertos-debug/obj/gdma_ip_test.o
 .text          0x000000000105b094      0x440 ./../../../build/tcc70xx/gcc/tcc70xx-freertos-debug/obj/gic_test.o
                0x000000000105b16c                GIC_Test_SmInt
                0x000000000105b344                GIC_Test_Sgi
 .text          0x000000000105b4d4     0x41a4 ./../../../build/tcc70xx/gcc/tcc70xx-freertos-debug/obj/gpio_test.o
                0x000000000105f5e8                GPIO_StartGpioTest
 .text          0x000000000105f678     0x2234 ./../../../build/tcc70xx/gcc/tcc70xx-freertos-debug/obj/gpsb_test.o
                0x000000000106131c                GPSB_CreateSlaveTestTask
                0x00000000010613c0                GPSB_Test
 .text          0x00000000010618ac     0x5f3c ./../../../build/tcc70xx/gcc/tcc70xx-freertos-debug/obj/hsm_test.o
                0x00000000010675a0                HSM_Test
 .text          0x00000000010677e8      0x798 ./../../../build/tcc70xx/gcc/tcc70xx-freertos-debug/obj/i2c_test.o
                0x0000000001067f60                I2C_TestMain
 .text          0x0000000001067f80      0x838 ./../../../build/tcc70xx/gcc/tcc70xx-freertos-debug/obj/ictc_test.o
                0x0000000001068758                ICTC_SelectTestCase
 .text          0x00000000010687b8      0xb88 ./../../../build/tcc70xx/gcc/tcc70xx-freertos-debug/obj/lin_test.o
                0x00000000010687b8                LIN_TestUsage
                0x0000000001068828                LIN_GetDLC
                0x0000000001068894                LIN_UserResponse
                0x00000000010689e0                LIN_CreateAppTask
                0x0000000001068e54                LIN_SampleTest
 .text          0x0000000001069340      0x764 ./../../../build/tcc70xx/gcc/tcc70xx-freertos-debug/obj/pdm_test.o
                0x0000000001069a3c                PDM_SelectTestCase
 .text          0x0000000001069aa4      0x8bc ./../../../build/tcc70xx/gcc/tcc70xx-freertos-debug/obj/pmu_test.o
                0x0000000001069b34                PMU_TEST_FmuMonitoringTest
                0x0000000001069c94                PMU_TEST_GetRstStatus
                0x000000000106a174                PMU_TEST_RstMonitoringTest
                0x000000000106a2ec                PMU_TEST_RstReqTest
 .text          0x000000000106a360      0x564 ./../../../build/tcc70xx/gcc/tcc70xx-freertos-debug/obj/rtc_test.o
                0x000000000106a464                RTC_TEST_Time
                0x000000000106a6e0                RTC_TEST_Alarm
 .text          0x000000000106a8c4      0x128 ./../../../build/tcc70xx/gcc/tcc70xx-freertos-debug/obj/sfmc_test.o
                0x000000000106a968                SFMC_Test
 .text          0x000000000106a9ec      0x7c8 ./../../../build/tcc70xx/gcc/tcc70xx-freertos-debug/obj/echo_test.o
                0x000000000106a9ec                SOCKTEST_IPInit
                0x000000000106ac20                SOCKTEST_EchoSend
                0x000000000106af34                SOCKTEST_EchoRecv
 .text          0x000000000106b1b4     0x12d4 ./../../../build/tcc70xx/gcc/tcc70xx-freertos-debug/obj/timer_test.o
                0x000000000106c380                TIMER_StartTimerTest
 .text          0x000000000106c488      0xd94 ./../../../build/tcc70xx/gcc/tcc70xx-freertos-debug/obj/uart_test.o
                0x000000000106cee8                UART_ConsoleTxTest
                0x000000000106d1a0                UART_SelectTestCase
 .text          0x000000000106d21c     0x1518 ./../../../build/tcc70xx/gcc/tcc70xx-freertos-debug/obj/wdt_test.o
                0x000000000106e438                WDT_StartTest
 .text          0x000000000106e734     0x1014 ./../../../build/tcc70xx/gcc/tcc70xx-freertos-debug/obj/writelock_test.o
                0x000000000106f718                Test_WriteProtection
 .text          0x000000000106f748      0x178 ./../../../build/tcc70xx/gcc/tcc70xx-freertos-debug/obj/eth_test.o
                0x000000000106f748                ETH_TestSend
                0x000000000106f774                ETH_TestInit
                0x000000000106f798                ETH_TestIPInit
                0x000000000106f888                ETH_TestIperf
                0x000000000106f89c                ETH_TestLoopback
 .text          0x000000000106f8c0     0x1580 ./../../../build/tcc70xx/gcc/tcc70xx-freertos-debug/obj/spu_test.o
                0x0000000001070748                SPU_SelectTestCase
                0x0000000001070a2c                SPU_Test_SSL_With_Key
 .text          0x0000000001070e40      0x780 ./../../../build/tcc70xx/gcc/tcc70xx-freertos-debug/obj/power_app.o
                0x0000000001071524                POWER_APP_StartDemo
 .text          0x00000000010715c0     0x20dc ./../../../build/tcc70xx/gcc/tcc70xx-freertos-debug/obj/power_com.o
                0x00000000010729bc                POWER_COM_Start
                0x0000000001072e40                POWER_COM_HaltCh
                0x0000000001072f58                POWER_COM_SendMsg
                0x000000000107318c                POWER_COM_RecvMsg
 .text          0x000000000107369c     0x25dc ./../../../build/tcc70xx/gcc/tcc70xx-freertos-debug/obj/spi_eccp.o
                0x000000000107369c                ECCP_InitSPIManager
                0x0000000001073b30                ECCP_Open
                0x0000000001073d7c                ECCP_Send
                0x0000000001073f1c                ECCP_Recv
                0x0000000001075b70                ECCP_Dump
 .text          0x0000000001075c78     0x6068 ./../../../build/tcc70xx/gcc/tcc70xx-freertos-debug/obj/hsm_manager.o
                0x0000000001075c78                HSM_Init
                0x00000000010764d4                HSM_UpdateVerify
                0x000000000107686c                HSM_VerifyFw
                0x00000000010769c0                HSM_SetKey
                0x0000000001076bf8                HSM_RunAes
                0x0000000001077254                HSM_RunAesByKt
                0x0000000001077828                HSM_GenMac
                0x0000000001077d00                HSM_GenMacByKt
                0x0000000001078150                HSM_Verifymac
                0x000000000107860c                HSM_GenHash
                0x0000000001078988                HSM_RunRsassa
                0x0000000001078e04                HSM_RunEcdsa
                0x00000000010793c8                HSM_RunEcdhPhaseI
                0x00000000010798cc                HSM_RunEcdhPhaseII
                0x0000000001079d54                HSM_ComputeEcdhPubKey
                0x000000000107a134                HSM_Pbkdf2
                0x000000000107a630                HSM_CertiParse
                0x000000000107a944                HSM_CertiVerify
                0x000000000107ac0c                HSM_DfWrite
                0x000000000107aea8                HSM_TRNG
                0x000000000107b140                HSM_PRNG
                0x000000000107b488                HSM_SelectBank
                0x000000000107b640                HSM_GetVersion
                0x000000000107b878                HSM_ProgramLDT
                0x000000000107baf8                HSM_ReadLDT
 .text          0x000000000107bce0     0x18a0 ./../../../build/tcc70xx/gcc/tcc70xx-freertos-debug/obj/lin.o
                0x000000000107bd4c                LIN_CalcProtectId
                0x000000000107bfbc                LIN_CalcFrameId
                0x000000000107c120                LIN_CalClassicChecksum
                0x000000000107c280                LIN_CalEnhancedChecksum
                0x000000000107c574                LIN_ReadHeader
                0x000000000107c92c                LIN_ReadResponse
                0x000000000107ccfc                LIN_FlushRxData
                0x000000000107cdac                LIN_Init
                0x000000000107d094                LIN_MasterTx
                0x000000000107d140                LIN_MasterRx
                0x000000000107d1a0                LIN_GetStatus
                0x000000000107d2e4                LIN_RegisterCB
 .text          0x000000000107d580      0x104 ./../../../build/tcc70xx/gcc/tcc70xx-freertos-debug/obj/swl.o
                0x000000000107d61c                SWL_Init
                0x000000000107d650                SWL_Write
 .text          0x000000000107d684      0x848 ./../../../build/tcc70xx/gcc/tcc70xx-freertos-debug/obj/adc.o
                0x000000000107d9f0                ADC_Init
                0x000000000107db78                ADC_Read
                0x000000000107ddb8                ADC_AutoScan
                0x000000000107de88                ADC_DeInit
 .text          0x000000000107decc      0xa48 ./../../../build/tcc70xx/gcc/tcc70xx-freertos-debug/obj/can.o
                0x000000000107decc                CAN_Init
                0x000000000107e064                CAN_Deinit
                0x000000000107e190                CAN_InitMessage
                0x000000000107e218                CAN_CheckNewRxMessage
                0x000000000107e260                CAN_GetNewRxMessage
                0x000000000107e354                CAN_SendMessage
                0x000000000107e458                CAN_RequestTxMessageCancellation
                0x000000000107e518                CAN_CheckNewTxEvent
                0x000000000107e560                CAN_GetNewTxEvent
                0x000000000107e5c0                CAN_SetControllerMode
                0x000000000107e714                CAN_GetControllerMode
                0x000000000107e798                CAN_GetProtocolStatus
                0x000000000107e818                CAN_RegisterCallbackFunctionTx
                0x000000000107e86c                CAN_RegisterCallbackFunctionRx
                0x000000000107e8c0                CAN_RegisterCallbackFunctionError
 .text          0x000000000107e914     0x3424 ./../../../build/tcc70xx/gcc/tcc70xx-freertos-debug/obj/can_drv.o
                0x000000000107e914                CAN_DrvGetControllerInfo
                0x000000000107ebac                CAN_DrvInitChannel
                0x000000000107ec78                CAN_DrvDeinitChannel
                0x000000000107ed58                CAN_DrvSetNormalOperationMode
                0x000000000107eedc                CAN_DrvSetMonitoringMode
                0x000000000107efc4                CAN_DrvResetController
                0x000000000107f018                CAN_DrvSetInternalTestMode
                0x000000000107f128                CAN_DrvSetExternalTestMode
                0x000000000107f224                CAN_DrvSetWakeUpMode
                0x000000000107f3a0                CAN_DrvSetSleepMode
                0x0000000001081034                CAN_DrvGetProtocolStatus
                0x0000000001081bbc                CAN_DrvCallbackNotifyRxEvent
 .text          0x0000000001081d38     0x1b68 ./../../../build/tcc70xx/gcc/tcc70xx-freertos-debug/obj/can_msg.o
                0x0000000001081d38                CAN_MsgInit
                0x0000000001082af4                CAN_MsgPutRxMessage
                0x0000000001082b98                CAN_MsgGetCountOfRxMessage
                0x0000000001082ccc                CAN_MsgGetRxMessage
                0x00000000010831d0                CAN_MsgSetTxMessage
                0x0000000001083534                CAN_MsgRequestTxMessageCancellation
                0x00000000010835c8                CAN_MsgGetCountOfTxEvent
                0x0000000001083654                CAN_MsgGetTxEventMessage
 .text          0x00000000010838a0        0x0 ./../../../build/tcc70xx/gcc/tcc70xx-freertos-debug/obj/can_par.o
 .text          0x00000000010838a0      0xd24 ./../../../build/tcc70xx/gcc/tcc70xx-freertos-debug/obj/can_porting.o
                0x00000000010838a0                CAN_PortingDelay
                0x0000000001083904                CAN_PortingInitHW
                0x0000000001083a30                CAN_PortingSetControllerClock
                0x0000000001083b04                CAN_PortingResetDriver
                0x0000000001083c88                CAN_PortingSetInterruptHandler
                0x0000000001083d00                CAN_PortingDisableControllerInterrupts
                0x0000000001083d54                CAN_PortingEnableControllerInterrupts
                0x0000000001083da8                CAN_PortingGetSizeofStandardIDFilterList
                0x0000000001083dec                CAN_PortingGetSizeofExtendedIDFilterList
                0x0000000001083e30                CAN_PortingGetSizeofRxFIFO0
                0x0000000001083e74                CAN_PortingGetSizeofRxFIFO1
                0x0000000001083eb8                CAN_PortingGetSizeofRxBuffer
                0x0000000001083efc                CAN_PortingGetSizeofTxEventBuffer
                0x0000000001083f40                CAN_PortingGetSizeofTxBuffer
                0x0000000001083f84                CAN_PortingGetBitRateSwitchEnable
                0x0000000001083fc8                CAN_PortingGetFDEnable
                0x000000000108400c                CAN_PortingGetStandardIDFilterEnable
                0x0000000001084050                CAN_PortingGetExtendedIDFilterEnable
                0x0000000001084094                CAN_PortingGetStandardIDRemoteRejectEnable
                0x00000000010840d8                CAN_PortingGetExtendedIDRemoteRejectEnable
                0x000000000108411c                CAN_PortingGetTxEventFIFOEnable
                0x0000000001084160                CAN_PortingGetWatchDogEnable
                0x00000000010841a4                CAN_PortingGetTimeOutEnable
                0x00000000010841e8                CAN_PortingGetTimeStampEnable
                0x000000000108422c                CAN_PortingAllocateNonCacheMemory
                0x00000000010842bc                CAN_PortingDeallocateNonCacheMemory
                0x00000000010842fc                CAN_PortingGetControllerRegister
                0x0000000001084384                CAN_PortingGetConfigBaseAddr
                0x00000000010843b0                CAN_PortingGetMessageRamBaseAddr
                0x000000000108443c                CAN_PortingGetConfigEXTS0Addr
                0x00000000010844b8                CAN_PortingGetConfigEXTS1Addr
                0x0000000001084534                CAN_PortingGetConfigWritePasswordAddr
                0x000000000108457c                CAN_PortingGetConfigWriteLockAddr
 *fill*         0x00000000010845c4        0x4 
 .text          0x00000000010845c8     0x22a0 ./../../../build/tcc70xx/gcc/tcc70xx-freertos-debug/obj/clock_dev.o
                0x0000000001085714                CLOCK_Init
                0x00000000010857dc                CLOCK_SetPllDiv
                0x0000000001085940                CLOCK_GetPllRate
                0x00000000010859b8                CLOCK_SetPllRate
                0x0000000001085f7c                CLOCK_SetClkCtrlRate
                0x000000000108601c                CLOCK_GetClkCtrlRate
                0x0000000001086174                CLOCK_IsPeriEnabled
                0x00000000010861dc                CLOCK_EnablePeri
                0x000000000108623c                CLOCK_DisablePeri
                0x000000000108629c                CLOCK_GetPeriRate
                0x0000000001086418                CLOCK_SetPeriRate
                0x0000000001086534                CLOCK_IsIobusPwdn
                0x00000000010865e8                CLOCK_EnableIobus
                0x0000000001086688                CLOCK_SetIobusPwdn
                0x0000000001086778                CLOCK_SetSwReset
 .text          0x0000000001086868      0xba8 ./../../../build/tcc70xx/gcc/tcc70xx-freertos-debug/obj/debug.o
                0x0000000001086868                DBG_Putc
                0x0000000001086cc8                DBG_Printfi
                0x00000000010873e4                DBG_SerialPrintf
 .text          0x0000000001087410      0x118 ./../../../build/tcc70xx/gcc/tcc70xx-freertos-debug/obj/bsp.o
                0x0000000001087410                BSP_PreInit
                0x0000000001087430                BSP_Init
                0x0000000001087498                BSP_UndefAbortExceptionHook
                0x00000000010874c0                BSP_SystemHalt
                0x0000000001087500                BSP_EnableSYSPower
 .text          0x0000000001087528      0x440 ./../../../build/tcc70xx/gcc/tcc70xx-freertos-debug/obj/dse.o
                0x0000000001087590                DSE_WriteLock
                0x0000000001087788                DSE_Deinit
                0x00000000010877e4                DSE_Init
                0x000000000108793c                DSE_GetGrpSts
 .text          0x0000000001087968     0x2650 ./../../../build/tcc70xx/gcc/tcc70xx-freertos-debug/obj/eflash.o
                0x00000000010884b8                EFLASH_WriteByte
                0x0000000001088a48                EFLASH_DFLASH_WriteByte
                0x0000000001088d74                EFLASH_Erase
                0x0000000001089388                EFLASH_Init
                0x00000000010893c4                EFLASH_FWDN_LowFormat
                0x0000000001089424                EFLASH_FWDN_Read
                0x0000000001089604                EFLASH_FWDN_Write
                0x0000000001089f18                FLASH_ReadLDT
 .text          0x0000000001089fb8     0x2798 ./../../../build/tcc70xx/gcc/tcc70xx-freertos-debug/obj/eth.o
                0x000000000108a08c                ETH_PrintPkt
                0x000000000108a8c0                ETH_UpdateLink
                0x000000000108abac                ETH_GetLinkStatus
                0x000000000108abd0                ETH_Rx
                0x000000000108b0f0                ETH_SetMacAddress
                0x000000000108bc04                ETH_Send
                0x000000000108bc48                ETH_Recv
                0x000000000108bd9c                ETH_SetRecvBuff
                0x000000000108be78                ETH_RegisterTask
                0x000000000108bea8                ETH_CreateRecvTask
                0x000000000108c020                ETH_SetRecvCallback
                0x000000000108c050                ETH_Prepare
                0x000000000108c118                ETH_Init
                0x000000000108c130                ETH_CornerSample_Test
 .text          0x000000000108c750     0x120c ./../../../build/tcc70xx/gcc/tcc70xx-freertos-debug/obj/eth_mii.o
                0x000000000108cb98                PHY_Read
                0x000000000108cc14                PHY_Write
                0x000000000108cf24                PHY_SetMasterSlave
                0x000000000108cfc0                PHY_GetMasterSlave
                0x000000000108d014                PHY_ReadStatus
                0x000000000108d194                PHY_Init
                0x000000000108d578                PHY_InitLoopback
 .text          0x000000000108d95c     0x1788 ./../../../build/tcc70xx/gcc/tcc70xx-freertos-debug/obj/fmu.o
                0x000000000108ebcc                FMU_Init
                0x000000000108ec54                FMU_IsrHandler
                0x000000000108ed5c                FMU_Set
                0x000000000108f058                FMU_IsrClr
                0x000000000108f0b0                FMU_Deinit
 .text          0x000000000108f0e4     0x1470 ./../../../build/tcc70xx/gcc/tcc70xx-freertos-debug/obj/gdma.o
                0x000000000108f0e4                GDMA_InterruptEnable
                0x000000000108f1e0                GDMA_InterruptDisable
                0x000000000108f2dc                GDMA_SetAddrIncrement
                0x000000000108f3d4                GDMA_SetTransferWidth
                0x000000000108f4cc                GDMA_SetBurstSize
                0x000000000108f5c4                GDMA_SetTransferSize
                0x000000000108f69c                GDMA_SetFlowControl
                0x000000000108f774                GDMA_Reset
                0x000000000108f7e0                GDMA_SetPeri
                0x000000000108f8a0                GDMA_GetTransferSize
                0x000000000108fb40                GDMA_ChannelEnable
                0x000000000108fc08                GDMA_WaitInterrupt
                0x000000000108fce8                GDMA_ChannelDisable
                0x000000000108fe64                GDMA_SetSrcAddr
                0x000000000108ff0c                GDMA_SetDestAddr
                0x000000000108ffb4                GDMA_SetlliAddr
                0x000000000109005c                GDMA_TransferMem2Mem
                0x0000000001090324                GDMA_Init
 .text          0x0000000001090554      0xda8 ./../../../build/tcc70xx/gcc/tcc70xx-freertos-debug/obj/gic.o
                0x00000000010907f4                GIC_Init
                0x000000000109092c                GIC_IntSrcEn
                0x0000000001090a54                GIC_IntSrcDis
                0x0000000001090b7c                GIC_IntPrioSet
                0x0000000001090c0c                GIC_IntVectSet
                0x0000000001090e30                GIC_IntHandlerWithParam
                0x0000000001090f18                GIC_IntHandler
                0x0000000001091014                GIC_IntSGI
                0x00000000010910bc                GIC_SmIrqEn
                0x00000000010911dc                GIC_SmIrqSetHigh
 .text          0x00000000010912fc      0xff8 ./../../../build/tcc70xx/gcc/tcc70xx-freertos-debug/obj/gpio.o
                0x0000000001091384                GPIO_Config
                0x0000000001091884                GPIO_Get
                0x0000000001091908                GPIO_Set
                0x00000000010919d4                GPIO_ToNum
                0x0000000001091ac4                GPIO_PerichSel
                0x0000000001091d18                GPIO_MfioCfg
                0x00000000010921b0                GPIO_IntExtSet
 .text          0x00000000010922f4     0x8938 ./../../../build/tcc70xx/gcc/tcc70xx-freertos-debug/obj/gpsb.o
                0x000000000109304c                GPSB_Reset
                0x0000000001094094                GPSB_SetSpeed
                0x0000000001094364                GPSB_SetBpw
                0x0000000001094670                GPSB_SetBpwNoSwap
                0x00000000010948c0                GPSB_SetMode
                0x0000000001094e34                GPSB_CsAlloc
                0x0000000001094fbc                GPSB_CsInit
                0x00000000010950ac                GPSB_CsActivate
                0x0000000001095160                GPSB_CsDeactivate
                0x00000000010965c0                GPSB_AsyncXfer
                0x0000000001096a8c                GPSB_Xfer
                0x0000000001097254                GPSB_Open
                0x0000000001097a34                GPSB_Close
                0x000000000109926c                GPSB_SetLbCfg
                0x00000000010993e4                GPSB_ClearLbCfg
                0x0000000001099a10                GPSB_Init
                0x0000000001099bb8                GPSB_Deinit
                0x0000000001099c18                GPSB_SafetyEnableLock
                0x0000000001099d30                GPSB_SafetyDisableLock
                0x0000000001099e48                GPSB_SafetyEnableLoopback
                0x0000000001099fb4                GPSB_SafetyDisableLoopback
                0x000000000109a0cc                GPSB_SafetyEnableMonitor
                0x000000000109a2f4                GPSB_SafetyDisableMonitor
                0x000000000109a3c0                GPSB_SafetyGetStatus
                0x000000000109a594                GPSB_FillSlaveTXData
                0x000000000109a7b0                GPSB_SetSlaveDMAMode
                0x000000000109aabc                GPSB_GetSlaveRXData
                0x000000000109aaf8                GPSB_GetStatus
                0x000000000109ab38                GPSB_ClearDMABuffer
 .text          0x000000000109ac2c        0x0 ./../../../build/tcc70xx/gcc/tcc70xx-freertos-debug/obj/gpsb_reg.o
 .text          0x000000000109ac2c      0xe2c ./../../../build/tcc70xx/gcc/tcc70xx-freertos-debug/obj/ICM_20948.o
                0x000000000109ac2c                ICM_20948_SelectBank
                0x000000000109acd8                ICM_20948_Write
                0x000000000109ad90                ICM_20948_Read
                0x000000000109ae44                ICM_20948_ReadMultiple
                0x000000000109afe0                ICM_20948_Init
                0x000000000109b524                IMU_Read_Data_Polling
                0x000000000109b718                IMU_Read_Data_DMA
                0x000000000109b8ec                IMU_Callback
 .text          0x000000000109ba58     0x167c ./../../../build/tcc70xx/gcc/tcc70xx-freertos-debug/obj/ADXL345.o
                0x000000000109be34                ADXL345_Test_Init
                0x000000000109bf8c                ADXL345_Test_ReadID
                0x000000000109c038                ADXL345_ReadReg
                0x000000000109c128                ADXL345_ReadRegsBurst
                0x000000000109c1fc                ADXL345_WriteReg
                0x000000000109c30c                ADXL345_ReadAccel
                0x000000000109c580                ADXL345_ReadRaw
                0x000000000109c7ac                ADXL345_GetCalibration
                0x000000000109c830                ADXL345_SetCalibration
                0x000000000109c8b4                ADXL345_ReadAccelCalibrated
                0x000000000109cbfc                ADXL_MuxSelectByDev
                0x000000000109cc4c                ADXL345_QuickCalibrateAll
 .text          0x000000000109d0d4     0x53e0 ./../../../build/tcc70xx/gcc/tcc70xx-freertos-debug/obj/i2c.o
                0x000000000109d864                I2C_ScanSlave
                0x000000000109f640                I2C_Xfer
                0x000000000109f924                I2C_XferCmd
                0x00000000010a1b5c                I2C_Open
                0x00000000010a1f9c                I2C_Close
                0x00000000010a236c                I2C_Init
                0x00000000010a2474                I2C_Deinit
 .text          0x00000000010a24b4        0x0 ./../../../build/tcc70xx/gcc/tcc70xx-freertos-debug/obj/i2c_reg.o
 .text          0x00000000010a24b4     0x2704 ./../../../build/tcc70xx/gcc/tcc70xx-freertos-debug/obj/i2s.o
                0x00000000010a2520                I2S_SetGpiofunction
                0x00000000010a2834                I2S_SetClock
                0x00000000010a2e10                I2S_GetTransferSize
                0x00000000010a2f6c                I2S_SetTransferSize
                0x00000000010a316c                I2S_TxAdmaSetting
                0x00000000010a3354                I2S_SetTASMode
                0x00000000010a3380                I2S_SetAICMode
                0x00000000010a33ac                I2S_TASClear
                0x00000000010a33ec                I2S_SetTASRxFifoThreshold
                0x00000000010a3428                I2S_SetTASTxFifoThreshold
                0x00000000010a3464                I2S_HopClear
                0x00000000010a34a4                I2S_FifoClear
                0x00000000010a3518                I2S_DmaReset
                0x00000000010a3580                I2S_SWReset
                0x00000000010a35ec                I2S_DaifSetting
                0x00000000010a38c4                I2S_DAMREnable
                0x00000000010a38f0                I2S_DAMRDisable
                0x00000000010a391c                I2S_DAIEnable
                0x00000000010a3988                I2S_DAIDisable
                0x00000000010a39f4                I2S_DMAInit
                0x00000000010a3b3c                I2S_DMAEnable
                0x00000000010a3ba8                I2S_DMADisable
                0x00000000010a3c14                I2S_Irq_Enable
                0x00000000010a3c80                I2S_Irq_Disable
                0x00000000010a3cec                I2S_ErrCheck_Enable
                0x00000000010a3d2c                I2S_ErrCheck_Disable
                0x00000000010a3d68                I2S_ErrCheck_Clear
                0x00000000010a3da8                I2S_ErrCheck_GetStatus
                0x00000000010a3dd4                I2S_Enable
                0x00000000010a3e18                I2S_Disable
                0x00000000010a3e60                I2S_GetTxDMAStatus
                0x00000000010a3e8c                I2S_SetTxDaSar
                0x00000000010a3ebc                I2S_SetTxDaSarL
                0x00000000010a3eec                I2S_GetTxDaCsar
                0x00000000010a3f10                I2S_GetTxDaCsarL
                0x00000000010a3f34                I2S_Irq
                0x00000000010a401c                I2S_UpdateStatus
                0x00000000010a461c                I2S_GetAvailable
                0x00000000010a4744                I2S_PcmWrite
                0x00000000010a4918                I2S_PcmRead
                0x00000000010a4ae8                I2S_RepeatMode
 .text          0x00000000010a4bb8     0x1fe4 ./../../../build/tcc70xx/gcc/tcc70xx-freertos-debug/obj/ictc.o
                0x00000000010a4bb8                ICTC_GetIsrResult
                0x00000000010a4c10                ICTC_ClearIsrResult
                0x00000000010a4f48                ICTC_Init
                0x00000000010a521c                ICTC_Deinit
                0x00000000010a52bc                ICTC_GetPrePeriodCnt
                0x00000000010a53f0                ICTC_GetPreDutyCnt
                0x00000000010a5524                ICTC_GetCurEdgeCnt
                0x00000000010a5658                ICTC_GetPrvEdgeCnt
                0x00000000010a578c                ICTC_GetREdgeTstmpCnt
                0x00000000010a59bc                ICTC_GetFEdgeTstmpCnt
                0x00000000010a5ce4                ICTC_EnableCapture
                0x00000000010a5dfc                ICTC_DisableCapture
                0x00000000010a5f20                ICTC_SetOpEnCtrlCounter
                0x00000000010a5fdc                ICTC_SetOpModeCtrlReg
                0x00000000010a6530                ICTC_SetIRQCtrlReg
                0x00000000010a6820                ICTC_SetCallBackFunc
                0x00000000010a68c8                ICTC_SetTimeoutValue
                0x00000000010a6950                ICTC_SetEdgeMatchingValue
                0x00000000010a6aa8                ICTC_SetCompareRoundValue
 .text          0x00000000010a6b9c      0x508 ./../../../build/tcc70xx/gcc/tcc70xx-freertos-debug/obj/mbox.o
                0x00000000010a6b9c                MBOX_Init
                0x00000000010a6bf8                MBOX_DevSendSss
                0x00000000010a6e8c                MBOX_DevRecvSss
                0x00000000010a7068                MBOX_Flush
 .text          0x00000000010a70a4      0x884 ./../../../build/tcc70xx/gcc/tcc70xx-freertos-debug/obj/midf.o
                0x00000000010a70a4                MIDF_FilterInitialize
                0x00000000010a7340                MIDF_RegisterFilterRegion
                0x00000000010a7684                MIDF_UnregisterFilterRegion
 .text          0x00000000010a7928      0x420 ./../../../build/tcc70xx/gcc/tcc70xx-freertos-debug/obj/mpu.o
                0x00000000010a7a78                MPU_Init
                0x00000000010a7cf0                MPU_GetDMABaseAddress
                0x00000000010a7d1c                MPU_GetCANBaseAddress
 .text          0x00000000010a7d48       0x68 ./../../../build/tcc70xx/gcc/tcc70xx-freertos-debug/obj/preload.o
                0x00000000010a7d48                PRELOAD_loadOnRam
 .text          0x00000000010a7db0     0x34f4 ./../../../build/tcc70xx/gcc/tcc70xx-freertos-debug/obj/pdm.o
                0x00000000010aa374                PDM_CfgSetWrPw
                0x00000000010aa3b4                PDM_CfgSetWrLock
                0x00000000010aa3f4                PDM_EnableClock
                0x00000000010aa574                PDM_DisableClock
                0x00000000010aa59c                PDM_Init
                0x00000000010aaac8                PDM_Deinit
                0x00000000010aab18                PDM_Enable
                0x00000000010aad70                PDM_Disable
                0x00000000010aaf58                PDM_GetChannelStatus
                0x00000000010ab060                PDM_SetConfig
 .text          0x00000000010ab2a4     0x19f4 ./../../../build/tcc70xx/gcc/tcc70xx-freertos-debug/obj/pmio_dev.o
                0x00000000010abde8                PMIO_EarlyWakeUp
                0x00000000010abe40                PMIO_PowerDown
                0x00000000010ac00c                PMIO_DebugPrintPowerStatus
                0x00000000010ac240                PMIO_Init
                0x00000000010ac4c0                PMIO_GetBootReason
                0x00000000010ac5bc                PMIO_SetGpk
                0x00000000010ac600                PMIO_SetNotiGpkIrq
 .text          0x00000000010acc98      0x674 ./../../../build/tcc70xx/gcc/tcc70xx-freertos-debug/obj/pmio_dev_extn_pw_ctl.o
                0x00000000010acd94                PMIO_EXTN_Init
                0x00000000010ad0e8                PMIO_EXTN_SetStr
                0x00000000010ad1bc                PMIO_EXTN_SetPower
                0x00000000010ad2e8                PMIO_EXTN_GetUsingGpk32
 .text          0x00000000010ad30c      0x914 ./../../../build/tcc70xx/gcc/tcc70xx-freertos-debug/obj/pmu.o
                0x00000000010ad7bc                PMU_Init
                0x00000000010ad8e8                PMU_GetResetOccur
                0x00000000010ada00                PMU_EnableResetMonitor
                0x00000000010ada68                PMU_DisableResetMonitor
                0x00000000010adad0                PMU_ColdReset
                0x00000000010adb0c                PMU_WarmReset
                0x00000000010adb48                PMU_ClearPvtError
 .text          0x00000000010adc20      0xd18 ./../../../build/tcc70xx/gcc/tcc70xx-freertos-debug/obj/rtc_dev.o
                0x00000000010ae128                RTC_Init
                0x00000000010ae1c4                RTC_SetTime
                0x00000000010ae300                RTC_GetTime
                0x00000000010ae444                RTC_SetAlarm
                0x00000000010ae7ac                RTC_EnableAlarm
                0x00000000010ae908                RTC_ClearAlarm
 .text          0x00000000010ae938     0xb964 ./../../../build/tcc70xx/gcc/tcc70xx-freertos-debug/obj/snor_mio.o
                0x00000000010b5940                SNOR_MIO_Init
                0x00000000010b8558                SNOR_MIO_Erase
                0x00000000010b92bc                SNOR_MIO_Write
                0x00000000010b95e8                SNOR_MIO_Read_Fast
                0x00000000010b967c                SNOR_MIO_Read
                0x00000000010b9710                SNOR_MIO_FWDN_LowFormat
                0x00000000010b9744                SNOR_MIO_FWDN_Read
                0x00000000010b98c4                SNOR_MIO_FWDN_Write
                0x00000000010ba13c                SNOR_MIO_AutoRun
 *fill*         0x00000000010ba29c        0x4 
 .text          0x00000000010ba2a0     0x2448 ./../../../build/tcc70xx/gcc/tcc70xx-freertos-debug/obj/spu.o
                0x00000000010ba5c0                SPU_Get_STS
                0x00000000010ba66c                SPU_Init
                0x00000000010ba928                SPU_DeInit
                0x00000000010ba960                SPU_Start_WG_Chain
                0x00000000010bab68                SPU_Stop_WG_Chain
                0x00000000010bac1c                SPU_Start_SSL_Chain
                0x00000000010bada0                SPU_Stop_SSL_Chain
                0x00000000010bae68                SPU_Set_Volume_Controller
                0x00000000010bb03c                SPU_Set_Channel_Mute
 .text          0x00000000010bc6e8      0xb90 ./../../../build/tcc70xx/gcc/tcc70xx-freertos-debug/obj/ssm.o
                0x00000000010bcae0                SSM_EccEnable
                0x00000000010bcd90                SSM_EccDisable
                0x00000000010bd090                SSM_SoftFaultCheckEnable
                0x00000000010bd194                SSM_SoftFautlCheckDisable
 .text          0x00000000010bd278     0x11bc ./../../../build/tcc70xx/gcc/tcc70xx-freertos-debug/obj/timer.o
                0x00000000010bd368                TIMER_InterruptClear
                0x00000000010bd3e0                TIMER_Enable
                0x00000000010bd42c                TIMER_EnableWithMode
                0x00000000010bd4b4                TIMER_EnableWithCfg
                0x00000000010be0e4                TIMER_Disable
                0x00000000010be2a8                TIMER_Init
 .text          0x00000000010be434     0x4bb4 ./../../../build/tcc70xx/gcc/tcc70xx-freertos-debug/obj/uart.o
                0x00000000010be434                UART_Open
                0x00000000010be4d4                UART_Close
                0x00000000010be774                UART_Read
                0x00000000010be93c                UART_Write
                0x00000000010beadc                UART_GetData
                0x00000000010bec48                UART_GetChar
                0x00000000010bedf4                UART_PutChar
                0x00000000010bef0c                UART_SetLineControlReg
                0x00000000010bef94                UART_SetInterruptClearReg
                0x00000000010befcc                UART_SetErrorClearReg
                0x00000000010bf004                UART_GetReceiveStatusReg
                0x00000000010bf03c                UART_GetRawInterruptStatusReg
                0x00000000010bf074                UART_Init
                0x00000000010bf158                UART_ISR
 .text          0x00000000010c2fe8      0x670 ./../../../build/tcc70xx/gcc/tcc70xx-freertos-debug/obj/wdt.o
                0x00000000010c329c                WDT_KickPing
                0x00000000010c32bc                WDT_ResetSystem
                0x00000000010c3340                WDT_Stop
                0x00000000010c33c4                WDT_SmMode
                0x00000000010c354c                WDT_Init
 .text          0x00000000010c3658      0x670 ./../../../build/tcc70xx/gcc/tcc70xx-freertos-debug/obj/wdt_pmu.o
                0x00000000010c390c                WDTPMU_KickPing
                0x00000000010c392c                WDTPMU_ResetSystem
                0x00000000010c39b0                WDTPMU_Stop
                0x00000000010c3a34                WDTPMU_SmMode
                0x00000000010c3bbc                WDTPMU_Init
 .text          0x00000000010c3cc8     0x3668 ./../../../build/tcc70xx/gcc/tcc70xx-freertos-debug/obj/tasks.o
                0x00000000010c3cc8                xTaskCreateStatic
                0x00000000010c3db0                xTaskCreate
                0x00000000010c420c                vTaskDelete
                0x00000000010c4360                vTaskDelayUntil
                0x00000000010c44a0                vTaskDelay
                0x00000000010c4510                eTaskGetState
                0x00000000010c465c                uxTaskPriorityGet
                0x00000000010c46b4                uxTaskPriorityGetFromISR
                0x00000000010c4718                vTaskPrioritySet
                0x00000000010c4930                vTaskSuspend
                0x00000000010c4b10                vTaskResume
                0x00000000010c4c20                xTaskResumeFromISR
                0x00000000010c4d58                vTaskStartScheduler
                0x00000000010c4e74                vTaskEndScheduler
                0x00000000010c4e9c                vTaskSuspendAll
                0x00000000010c4ed4                xTaskResumeAll
                0x00000000010c50dc                xTaskGetTickCount
                0x00000000010c5110                xTaskGetTickCountFromISR
                0x00000000010c5150                uxTaskGetNumberOfTasks
                0x00000000010c5174                pcTaskGetName
                0x00000000010c5380                xTaskGetHandle
                0x00000000010c54b4                xTaskCatchUpTicks
                0x00000000010c5520                xTaskAbortDelay
                0x00000000010c5664                xTaskIncrementTick
                0x00000000010c590c                vTaskSwitchContext
                0x00000000010c5ae8                vTaskPlaceOnEventList
                0x00000000010c5b40                vTaskPlaceOnUnorderedEventList
                0x00000000010c5bcc                vTaskPlaceOnEventListRestricted
                0x00000000010c5c3c                xTaskRemoveFromEventList
                0x00000000010c5d78                vTaskRemoveFromUnorderedEventList
                0x00000000010c5e8c                vTaskSetTimeOutState
                0x00000000010c5ee8                vTaskInternalSetTimeOutState
                0x00000000010c5f30                xTaskCheckForTimeOut
                0x00000000010c6084                vTaskMissedYield
                0x00000000010c632c                xTaskGetCurrentTaskHandle
                0x00000000010c635c                xTaskGetSchedulerState
                0x00000000010c63c4                xTaskPriorityInherit
                0x00000000010c6560                xTaskPriorityDisinherit
                0x00000000010c66ac                vTaskPriorityDisinheritAfterTimeout
                0x00000000010c684c                uxTaskResetEventItemValue
                0x00000000010c68a4                pvTaskIncrementMutexHeldCount
                0x00000000010c68f4                ulTaskNotifyTake
                0x00000000010c69e0                xTaskNotifyWait
                0x00000000010c6b10                xTaskGenericNotify
                0x00000000010c6d08                xTaskGenericNotifyFromISR
                0x00000000010c6f60                vTaskNotifyGiveFromISR
                0x00000000010c70e8                xTaskNotifyStateClear
                0x00000000010c7168                ulTaskNotifyValueClear
 .text          0x00000000010c7330      0x294 ./../../../build/tcc70xx/gcc/tcc70xx-freertos-debug/obj/list.o
                0x00000000010c7330                vListInitialise
                0x00000000010c7398                vListInitialiseItem
                0x00000000010c73c4                vListInsertEnd
                0x00000000010c744c                vListInsert
                0x00000000010c7524                uxListRemove
 .text          0x00000000010c75c4     0x2278 ./../../../build/tcc70xx/gcc/tcc70xx-freertos-debug/obj/queue.o
                0x00000000010c75c4                xQueueGenericReset
                0x00000000010c76f0                xQueueGenericCreateStatic
                0x00000000010c77f8                xQueueGenericCreate
                0x00000000010c7984                xQueueCreateMutex
                0x00000000010c79d8                xQueueCreateMutexStatic
                0x00000000010c7a38                xQueueGetMutexHolder
                0x00000000010c7a90                xQueueGetMutexHolderFromISR
                0x00000000010c7aec                xQueueGiveMutexRecursive
                0x00000000010c7b88                xQueueTakeMutexRecursive
                0x00000000010c7c2c                xQueueCreateCountingSemaphoreStatic
                0x00000000010c7cb0                xQueueCreateCountingSemaphore
                0x00000000010c7d24                xQueueGenericSend
                0x00000000010c7ff8                xQueueGenericSendFromISR
                0x00000000010c81dc                xQueueGiveFromISR
                0x00000000010c8374                xQueueReceive
                0x00000000010c85bc                xQueueSemaphoreTake
                0x00000000010c886c                xQueuePeek
                0x00000000010c8abc                xQueueReceiveFromISR
                0x00000000010c8c04                xQueuePeekFromISR
                0x00000000010c8ce4                uxQueueMessagesWaiting
                0x00000000010c8d28                uxQueueSpacesAvailable
                0x00000000010c8d80                uxQueueMessagesWaitingFromISR
                0x00000000010c8dc8                vQueueDelete
                0x00000000010c921c                xQueueIsQueueEmptyFromISR
                0x00000000010c92d0                xQueueIsQueueFullFromISR
                0x00000000010c9338                vQueueAddToRegistry
                0x00000000010c93cc                pcQueueGetName
                0x00000000010c9458                vQueueUnregisterQueue
                0x00000000010c94f4                vQueueWaitForMessageRestricted
                0x00000000010c9598                xQueueCreateSet
                0x00000000010c95cc                xQueueAddToSet
                0x00000000010c9644                xQueueRemoveFromSet
                0x00000000010c96c8                xQueueSelectFromSet
                0x00000000010c9708                xQueueSelectFromSetFromISR
 .text          0x00000000010c983c      0x8e4 ./../../../build/tcc70xx/gcc/tcc70xx-freertos-debug/obj/event_groups.o
                0x00000000010c983c                xEventGroupCreateStatic
                0x00000000010c98c0                xEventGroupCreate
                0x00000000010c991c                xEventGroupSync
                0x00000000010c9b04                xEventGroupWaitBits
                0x00000000010c9d3c                xEventGroupClearBits
                0x00000000010c9dbc                xEventGroupGetBitsFromISR
                0x00000000010c9e00                xEventGroupSetBits
                0x00000000010c9fb4                vEventGroupDelete
                0x00000000010ca048                vEventGroupSetBitsCallback
                0x00000000010ca074                vEventGroupClearBitsCallback
 .text          0x00000000010ca120      0xfe0 ./../../../build/tcc70xx/gcc/tcc70xx-freertos-debug/obj/timers.o
                0x00000000010ca120                xTimerCreateTimerTask
                0x00000000010ca1f4                xTimerCreate
                0x00000000010ca268                xTimerCreateStatic
                0x00000000010ca3b0                xTimerGenericCommand
                0x00000000010ca4a4                xTimerGetTimerDaemonTaskHandle
                0x00000000010ca4e0                xTimerGetPeriod
                0x00000000010ca520                vTimerSetReloadMode
                0x00000000010ca5a0                uxTimerGetReloadMode
                0x00000000010ca608                xTimerGetExpiryTime
                0x00000000010ca650                pcTimerGetName
                0x00000000010caf10                xTimerIsTimerActive
                0x00000000010caf78                pvTimerGetTimerID
                0x00000000010cafc4                vTimerSetTimerID
                0x00000000010cb010                xTimerPendFunctionCallFromISR
                0x00000000010cb07c                xTimerPendFunctionCall
 .text          0x00000000010cb100     0x126c ./../../../build/tcc70xx/gcc/tcc70xx-freertos-debug/obj/stream_buffer.o
                0x00000000010cb100                xStreamBufferGenericCreate
                0x00000000010cb1d8                xStreamBufferGenericCreateStatic
                0x00000000010cb2fc                vStreamBufferDelete
                0x00000000010cb360                xStreamBufferReset
                0x00000000010cb400                xStreamBufferSetTriggerLevel
                0x00000000010cb488                xStreamBufferSpacesAvailable
                0x00000000010cb524                xStreamBufferBytesAvailable
                0x00000000010cb568                xStreamBufferSend
                0x00000000010cb750                xStreamBufferSendFromISR
                0x00000000010cb950                xStreamBufferReceive
                0x00000000010cbaf4                xStreamBufferNextMessageLengthBytes
                0x00000000010cbbb4                xStreamBufferReceiveFromISR
                0x00000000010cbd84                xStreamBufferIsEmpty
                0x00000000010cbdf4                xStreamBufferIsFull
                0x00000000010cbe80                xStreamBufferSendCompletedFromISR
                0x00000000010cbf1c                xStreamBufferReceiveCompletedFromISR
 .text          0x00000000010cc36c      0x8cc ./../../../build/tcc70xx/gcc/tcc70xx-freertos-debug/obj/port.o
                0x00000000010cc36c                pxPortInitialiseStack
                0x00000000010cc600                xPortStartScheduler
                0x00000000010cc744                vPortEndScheduler
                0x00000000010cc774                vPortEnterCritical
                0x00000000010cc7d0                vPortExitCritical
                0x00000000010cc85c                FreeRTOS_Tick_Handler
                0x00000000010cc8f0                vPortTaskUsesFPU
                0x00000000010cc92c                vPortClearInterruptMask
                0x00000000010cc988                ulPortSetInterruptMask
                0x00000000010cca00                vPortValidateInterruptPriority
                0x00000000010cca34                vApplicationGetIdleTaskMemory
                0x00000000010cca88                vInitialiseTimerForRunTimeStats
                0x00000000010ccaa0                vApplicationStackOverflowHook
                0x00000000010ccac4                vApplicationGetTimerTaskMemory
                0x00000000010ccb18                vConfigureTickInterrupt
                0x00000000010ccba0                vClearTickInterrupt
                0x00000000010ccbb8                vApplicationFPUSafeIRQHandler
                0x00000000010ccbdc                xPortGetInterruptNestingCount
                0x00000000010ccc00                heap_init
 .text          0x00000000010ccc38      0x8ec ./../../../build/tcc70xx/gcc/tcc70xx-freertos-debug/obj/heap_5.o
                0x00000000010ccc38                pvPortMalloc
                0x00000000010cce90                vPortFree
                0x00000000010ccfb8                xPortGetFreeHeapSize
                0x00000000010ccfdc                xPortGetMinimumEverFreeHeapSize
                0x00000000010cd158                vPortDefineHeapRegions
                0x00000000010cd3d0                vPortGetHeapStats
 .text          0x00000000010cd524      0xd10 ./../../../build/tcc70xx/gcc/tcc70xx-freertos-debug/obj/FreeRTOS_ARP.o
                0x00000000010cd524                eARPProcessPacket
                0x00000000010cd76c                vARPRefreshCacheEntry
                0x00000000010cdb60                eARPGetCacheEntry
                0x00000000010cddf8                vARPAgeCache
                0x00000000010ce034                vARPSendGratuitous
                0x00000000010ce05c                FreeRTOS_OutputARPRequest
                0x00000000010ce0fc                vARPGenerateRequestPacket
                0x00000000010ce210                FreeRTOS_ClearARP
 .text          0x00000000010ce234        0x0 ./../../../build/tcc70xx/gcc/tcc70xx-freertos-debug/obj/FreeRTOS_DHCP.o
 .text          0x00000000010ce234     0x2084 ./../../../build/tcc70xx/gcc/tcc70xx-freertos-debug/obj/FreeRTOS_DNS.o
                0x00000000010ce280                FreeRTOS_dnsclear
                0x00000000010ce2a4                FreeRTOS_dnslookup
                0x00000000010ce2e0                FreeRTOS_gethostbyname
                0x00000000010ceb0c                ulDNSHandlePacket
                0x00000000010ceb78                ulNBNSHandlePacket
 .text          0x00000000010d02b8     0x2288 ./../../../build/tcc70xx/gcc/tcc70xx-freertos-debug/obj/FreeRTOS_IP.o
                0x00000000010d04e0                xIsCallingFromIPTask
                0x00000000010d0820                FreeRTOS_NetworkDown
                0x00000000010d0880                FreeRTOS_NetworkDownFromISR
                0x00000000010d08f4                FreeRTOS_GetUDPPayloadBuffer
                0x00000000010d0980                pxDuplicateNetworkBufferWithDescriptor
                0x00000000010d0a1c                pxPacketBuffer_to_NetworkBuffer
                0x00000000010d0a94                pxUDPPayloadBuffer_to_NetworkBuffer
                0x00000000010d0b0c                FreeRTOS_ReleaseUDPPayloadBuffer
                0x00000000010d0b3c                FreeRTOS_IPInit
                0x00000000010d0e98                FreeRTOS_GetAddressConfiguration
                0x00000000010d0f44                FreeRTOS_SetAddressConfiguration
                0x00000000010d0ff0                xSendEventToIPTask
                0x00000000010d103c                xSendEventStructToIPTask
                0x00000000010d113c                eConsiderFrameForProcessing
                0x00000000010d12a8                vIPNetworkUpCalls
                0x00000000010d1c30                usGenerateProtocolChecksum
                0x00000000010d1fb0                usGenerateChecksum
                0x00000000010d22dc                vReturnEthernetFrame
                0x00000000010d2388                FreeRTOS_GetIPAddress
                0x00000000010d23ac                FreeRTOS_SetIPAddress
                0x00000000010d23dc                FreeRTOS_GetGatewayAddress
                0x00000000010d2400                FreeRTOS_GetDNSServerAddress
                0x00000000010d2424                FreeRTOS_GetNetmask
                0x00000000010d2448                FreeRTOS_UpdateMACAddress
                0x00000000010d2478                FreeRTOS_GetMACAddress
                0x00000000010d2498                FreeRTOS_SetNetmask
                0x00000000010d24c8                FreeRTOS_SetGatewayAddress
                0x00000000010d24f8                xIPIsNetworkTaskReady
                0x00000000010d251c                FreeRTOS_IsNetworkUp
 .text          0x00000000010d2540     0x3d30 ./../../../build/tcc70xx/gcc/tcc70xx-freertos-debug/obj/FreeRTOS_Sockets.o
                0x00000000010d2980                vNetworkSocketsInit
                0x00000000010d2ad4                FreeRTOS_socket
                0x00000000010d2cc0                FreeRTOS_CreateSocketSet
                0x00000000010d2d34                FreeRTOS_DeleteSocketSet
                0x00000000010d2d70                FreeRTOS_FD_SET
                0x00000000010d2e14                FreeRTOS_FD_CLR
                0x00000000010d2eb4                FreeRTOS_FD_ISSET
                0x00000000010d2f34                FreeRTOS_select
                0x00000000010d30b0                FreeRTOS_recvfrom
                0x00000000010d3304                FreeRTOS_sendto
                0x00000000010d3508                FreeRTOS_bind
                0x00000000010d3658                vSocketBind
                0x00000000010d3810                FreeRTOS_closesocket
                0x00000000010d3894                vSocketClose
                0x00000000010d3aa0                FreeRTOS_setsockopt
                0x00000000010d421c                pxUDPSocketLookup
                0x00000000010d4280                FreeRTOS_inet_addr
                0x00000000010d4444                FreeRTOS_GetLocalAddress
                0x00000000010d44c0                vSocketWakeUpUser
                0x00000000010d477c                FreeRTOS_connect
                0x00000000010d4898                FreeRTOS_accept
                0x00000000010d4b5c                FreeRTOS_recv
                0x00000000010d4f4c                FreeRTOS_get_tx_head
                0x00000000010d5020                FreeRTOS_send
                0x00000000010d52b8                FreeRTOS_listen
                0x00000000010d5418                FreeRTOS_shutdown
                0x00000000010d54b4                xTCPTimerCheck
                0x00000000010d5644                pxTCPSocketLookup
                0x00000000010d5748                FreeRTOS_get_rx_buf
                0x00000000010d5914                lTCPAddRxdata
                0x00000000010d5a54                FreeRTOS_GetRemoteAddress
                0x00000000010d5b2c                FreeRTOS_maywrite
                0x00000000010d5bf0                FreeRTOS_tx_space
                0x00000000010d5c6c                FreeRTOS_tx_size
                0x00000000010d5ce4                FreeRTOS_issocketconnected
                0x00000000010d5d5c                FreeRTOS_mss
                0x00000000010d5db0                FreeRTOS_connstatus
                0x00000000010d5e04                FreeRTOS_rx_size
                0x00000000010d5e7c                FreeRTOS_netstat
                0x00000000010d5eb4                vSocketSelect
 .text          0x00000000010d6270      0x5f4 ./../../../build/tcc70xx/gcc/tcc70xx-freertos-debug/obj/FreeRTOS_Stream_Buffer.o
                0x00000000010d64e0                uxStreamBufferAdd
                0x00000000010d66b4                uxStreamBufferGet
 .text          0x00000000010d6864     0x5054 ./../../../build/tcc70xx/gcc/tcc70xx-freertos-debug/obj/FreeRTOS_TCP_IP.o
                0x00000000010d6d70                xTCPSocketCheck
                0x00000000010d87c4                vTCPStateChange
                0x00000000010daab8                xProcessReceivedTCPPacket
                0x00000000010db7c4                xTCPCheckNewClient
 .text          0x00000000010db8b8     0x1bc8 ./../../../build/tcc70xx/gcc/tcc70xx-freertos-debug/obj/FreeRTOS_TCP_WIN.o
                0x00000000010dbab4                vListInsertGeneric
                0x00000000010dbe24                xTCPWindowRxEmpty
                0x00000000010dbfe8                vTCPWindowDestroy
                0x00000000010dc0a0                vTCPWindowCreate
                0x00000000010dc15c                vTCPWindowInit
                0x00000000010dc29c                vTCPSegmentCleanup
                0x00000000010dc400                lTCPWindowRxCheck
                0x00000000010dc760                lTCPWindowTxAdd
                0x00000000010dc9f8                xTCPWindowTxDone
                0x00000000010dcb40                xTCPWindowTxHasData
                0x00000000010dcca4                ulTCPWindowTxGet
                0x00000000010dd39c                ulTCPWindowTxAck
                0x00000000010dd404                ulTCPWindowTxSack
 .text          0x00000000010dd480      0x6ec ./../../../build/tcc70xx/gcc/tcc70xx-freertos-debug/obj/FreeRTOS_UDP_IP.o
                0x00000000010dd480                vProcessGeneratedUDPPacket
                0x00000000010dd908                xProcessReceivedUDPPacket
 .text          0x00000000010ddb6c      0x1a4 ./../../../build/tcc70xx/gcc/tcc70xx-freertos-debug/obj/FreeRTOS_Port.o
                0x00000000010ddb6c                uxRand
                0x00000000010ddc08                pcApplicationHostnameHook
                0x00000000010ddc28                xApplicationDNSQueryHook
                0x00000000010ddca4                ulApplicationGetNextSequenceNumber
                0x00000000010ddce0                xApplicationGetRandomNumber
 .text          0x00000000010ddd10      0x518 ./../../../build/tcc70xx/gcc/tcc70xx-freertos-debug/obj/BufferAllocation_1.o
                0x00000000010ddd4c                xNetworkBuffersInitialise
                0x00000000010dded8                pxGetNetworkBufferWithDescriptor
                0x00000000010de000                pxNetworkBufferGetFromISR
                0x00000000010de0a0                vNetworkBufferReleaseFromISR
                0x00000000010de108                vReleaseNetworkBufferAndDescriptor
                0x00000000010de1b8                uxGetMinimumFreeNetworkBuffers
                0x00000000010de1dc                uxGetNumberOfFreeNetworkBuffers
                0x00000000010de200                pxResizeNetworkBufferWithDescriptor
 .text          0x00000000010de228      0x39c ./../../../build/tcc70xx/gcc/tcc70xx-freertos-debug/obj/NetworkInterface.o
                0x00000000010de280                xNetworkInterfaceInitialise
                0x00000000010de360                xNetworkInterfaceOutput
                0x00000000010de3b4                vNetworkInterfaceAllocateRAMToBuffers
                0x00000000010de488                xGetPhyLinkStatus
 .text          0x00000000010de5c4      0x7f4 ./../../../build/tcc70xx/gcc/tcc70xx-freertos-debug/obj/sal_api.o
                0x00000000010de5c4                SAL_RegisterFunction
 .text          0x00000000010dedb8     0x274c ./../../../build/tcc70xx/gcc/tcc70xx-freertos-debug/obj/sal_freertos_impl.o
                0x00000000010e10a8                SAL_Init
 .text          0x00000000010e1504        0x0 ./../../../build/tcc70xx/gcc/tcc70xx-freertos-debug/obj/vector.o
 .text          0x00000000010e1504       0x60 ./../../../build/tcc70xx/gcc/tcc70xx-freertos-debug/obj/vfp_init.o
                0x00000000010e1504                vfp_init
 .text          0x00000000010e1564        0xc ./../../../build/tcc70xx/gcc/tcc70xx-freertos-debug/obj/arm_a.o
                0x00000000010e1564                ARM_DSB
 .text          0x00000000010e1570      0x2b8 ./../../../build/tcc70xx/gcc/tcc70xx-freertos-debug/obj/portASM.o
                0x00000000010e1570                FreeRTOS_SWI_Handler
                0x00000000010e1610                vPortRestoreTaskContext
                0x00000000010e1670                FreeRTOS_IRQ_Handler
                0x00000000010e17d0                vApplicationIRQHandler
 .text          0x00000000010e1828       0xb8 ./../../../build/tcc70xx/gcc/tcc70xx-freertos-debug/obj/freertos.o
                0x00000000010e1828                FreeRTOS_ARM_ExceptUndefInstrHndlr
                0x00000000010e183c                FreeRTOS_ARM_ExceptSwiHndlr
                0x00000000010e1840                FreeRTOS_ARM_ExceptPrefetchAbortHndlr
                0x00000000010e1858                FreeRTOS_ARM_ExceptDataAbortHndlr
                0x00000000010e1888                FreeRTOS_ARM_ExceptIrqHndlr
                0x00000000010e188c                FreeRTOS_ARM_ExceptFiqHndlr
                0x00000000010e18a4                FreeRTOS_ARM_DRegCntGet
                0x00000000010e18ac                CPU_WaitForEvent
                0x00000000010e18b8                CPU_DSB
                0x00000000010e18c4                CPU_SR_Save
                0x00000000010e18d4                CPU_SR_Restore
 .text          0x00000000010e18e0       0x18 ./../../../build/tcc70xx/gcc/tcc70xx-freertos-debug/obj/sal.o
                0x00000000010e18e0                ARM_ExceptUndefInstrHndlr
                0x00000000010e18e4                ARM_ExceptSwiHndlr
                0x00000000010e18e8                ARM_ExceptPrefetchAbortHndlr
                0x00000000010e18ec                ARM_ExceptDataAbortHndlr
                0x00000000010e18f0                ARM_ExceptIrqHndlr
                0x00000000010e18f4                ARM_ExceptFiqHndlr
 .text          0x00000000010e18f8       0x30 /opt/gcc-linaro-7.2.1-2017.11-x86_64_arm-eabi/arm-eabi/libc/usr/lib/libc.a(lib_a-atoi.o)
                0x00000000010e18f8                atoi
                0x00000000010e1910                _atoi_r
 .text          0x00000000010e1928      0x104 /opt/gcc-linaro-7.2.1-2017.11-x86_64_arm-eabi/arm-eabi/libc/usr/lib/libc.a(lib_a-memcmp.o)
                0x00000000010e1928                memcmp
 .text          0x00000000010e1a2c      0x110 /opt/gcc-linaro-7.2.1-2017.11-x86_64_arm-eabi/arm-eabi/libc/usr/lib/libc.a(lib_a-memcpy-stub.o)
                0x00000000010e1a2c                memcpy
 .text          0x00000000010e1b3c      0x140 /opt/gcc-linaro-7.2.1-2017.11-x86_64_arm-eabi/arm-eabi/libc/usr/lib/libc.a(lib_a-memmove.o)
                0x00000000010e1b3c                memmove
 .text          0x00000000010e1c7c      0x114 /opt/gcc-linaro-7.2.1-2017.11-x86_64_arm-eabi/arm-eabi/libc/usr/lib/libc.a(lib_a-memset.o)
                0x00000000010e1c7c                memset
 .text          0x00000000010e1d90      0x188 /opt/gcc-linaro-7.2.1-2017.11-x86_64_arm-eabi/arm-eabi/libc/usr/lib/libc.a(lib_a-snprintf.o)
                0x00000000010e1d90                _snprintf_r
                0x00000000010e1e4c                snprintf
 .text          0x00000000010e1f18       0xd0 /opt/gcc-linaro-7.2.1-2017.11-x86_64_arm-eabi/arm-eabi/libc/usr/lib/libc.a(lib_a-sprintf.o)
                0x00000000010e1f18                _sprintf_r
                0x00000000010e1f78                sprintf
 .text          0x00000000010e1fe8      0x100 /opt/gcc-linaro-7.2.1-2017.11-x86_64_arm-eabi/arm-eabi/libc/usr/lib/libc.a(lib_a-sscanf.o)
                0x00000000010e1fe8                sscanf
                0x00000000010e2068                _sscanf_r
 .text          0x00000000010e20e8       0xd8 /opt/gcc-linaro-7.2.1-2017.11-x86_64_arm-eabi/arm-eabi/libc/usr/lib/libc.a(lib_a-stdio.o)
                0x00000000010e20e8                __sread
                0x00000000010e211c                __seofread
                0x00000000010e2124                __swrite
                0x00000000010e217c                __sseek
                0x00000000010e21ac                __sclose
 .text          0x00000000010e21c0      0x224 /opt/gcc-linaro-7.2.1-2017.11-x86_64_arm-eabi/arm-eabi/libc/usr/lib/libc.a(lib_a-strcmp.o)
                0x00000000010e21c0                strcmp
 .text          0x00000000010e23e4       0xf0 /opt/gcc-linaro-7.2.1-2017.11-x86_64_arm-eabi/arm-eabi/libc/usr/lib/libc.a(lib_a-strcpy.o)
                0x00000000010e23e4                strcpy
 .text          0x00000000010e24d4       0x60 /opt/gcc-linaro-7.2.1-2017.11-x86_64_arm-eabi/arm-eabi/libc/usr/lib/libc.a(lib_a-strlen-stub.o)
                0x00000000010e24d4                strlen
 .text          0x00000000010e2534      0x100 /opt/gcc-linaro-7.2.1-2017.11-x86_64_arm-eabi/arm-eabi/libc/usr/lib/libc.a(lib_a-strncmp.o)
                0x00000000010e2534                strncmp
 .text          0x00000000010e2634       0xe0 /opt/gcc-linaro-7.2.1-2017.11-x86_64_arm-eabi/arm-eabi/libc/usr/lib/libc.a(lib_a-strncpy.o)
                0x00000000010e2634                strncpy
 .text          0x00000000010e2714       0x5c /opt/gcc-linaro-7.2.1-2017.11-x86_64_arm-eabi/arm-eabi/libc/usr/lib/libc.a(lib_a-strnlen.o)
                0x00000000010e2714                strnlen
 .text          0x00000000010e2770      0x27c /opt/gcc-linaro-7.2.1-2017.11-x86_64_arm-eabi/arm-eabi/libc/usr/lib/libc.a(lib_a-strtol.o)
                0x00000000010e292c                _strtol_r
                0x00000000010e2968                strtol_l
                0x00000000010e29a0                strtol
 .text          0x00000000010e29ec      0x28c /opt/gcc-linaro-7.2.1-2017.11-x86_64_arm-eabi/arm-eabi/libc/usr/lib/libc.a(lib_a-strtoul.o)
                0x00000000010e2bb8                _strtoul_r
                0x00000000010e2bf4                strtoul_l
                0x00000000010e2c2c                strtoul
 .text          0x00000000010e2c78     0xb4c8 /opt/gcc-linaro-7.2.1-2017.11-x86_64_arm-eabi/arm-eabi/libc/usr/lib/libc.a(lib_a-svfprintf.o)
                0x00000000010e9f7c                _svfprintf_r
 .text          0x00000000010ee140     0x2818 /opt/gcc-linaro-7.2.1-2017.11-x86_64_arm-eabi/arm-eabi/libc/usr/lib/libc.a(lib_a-svfscanf.o)
                0x00000000010ee140                __ssvfscanf_r
 .text          0x00000000010f0958      0x134 /opt/gcc-linaro-7.2.1-2017.11-x86_64_arm-eabi/arm-eabi/libc/usr/lib/libc.a(lib_a-wcrtomb.o)
                0x00000000010f0958                _wcrtomb_r
                0x00000000010f09f0                wcrtomb
 .text          0x00000000010f0a8c       0x5c /opt/gcc-linaro-7.2.1-2017.11-x86_64_arm-eabi/arm-eabi/libc/usr/lib/libc.a(lib_a-wcsrtombs.o)
                0x00000000010f0a8c                _wcsrtombs_r
                0x00000000010f0ab0                wcsrtombs
 .text          0x00000000010f0ae8       0x48 /opt/gcc-linaro-7.2.1-2017.11-x86_64_arm-eabi/arm-eabi/libc/usr/lib/libc.a(lib_a-writer.o)
                0x00000000010f0ae8                _write_r
 .text          0x00000000010f0b30       0x3c /opt/gcc-linaro-7.2.1-2017.11-x86_64_arm-eabi/arm-eabi/libc/usr/lib/libc.a(lib_a-closer.o)
                0x00000000010f0b30                _close_r
 *fill*         0x00000000010f0b6c        0x4 
 .text          0x00000000010f0b70     0x17dc /opt/gcc-linaro-7.2.1-2017.11-x86_64_arm-eabi/arm-eabi/libc/usr/lib/libc.a(lib_a-dtoa.o)
                0x00000000010f0d58                _dtoa_r
 .text          0x00000000010f234c      0x3dc /opt/gcc-linaro-7.2.1-2017.11-x86_64_arm-eabi/arm-eabi/libc/usr/lib/libc.a(lib_a-freer.o)
                0x00000000010f234c                _malloc_trim_r
                0x00000000010f244c                _free_r
 .text          0x00000000010f2728        0x0 /opt/gcc-linaro-7.2.1-2017.11-x86_64_arm-eabi/arm-eabi/libc/usr/lib/libc.a(lib_a-impure.o)
 .text          0x00000000010f2728       0x78 /opt/gcc-linaro-7.2.1-2017.11-x86_64_arm-eabi/arm-eabi/libc/usr/lib/libc.a(lib_a-iswspace.o)
                0x00000000010f2728                iswspace
 .text          0x00000000010f27a0      0x2c8 /opt/gcc-linaro-7.2.1-2017.11-x86_64_arm-eabi/arm-eabi/libc/usr/lib/libc.a(lib_a-jp2uc.o)
                0x00000000010f2994                _jp2uc
 .text          0x00000000010f2a68      0xd0c /opt/gcc-linaro-7.2.1-2017.11-x86_64_arm-eabi/arm-eabi/libc/usr/lib/libc.a(lib_a-locale.o)
                0x00000000010f2afc                __loadlocale
                0x00000000010f3334                __get_locale_env
                0x00000000010f33c8                _setlocale_r
                0x00000000010f3704                __locale_mb_cur_max
                0x00000000010f372c                __locale_ctype_ptr_l
                0x00000000010f3734                __locale_ctype_ptr
                0x00000000010f375c                setlocale
 .text          0x00000000010f3774       0x58 /opt/gcc-linaro-7.2.1-2017.11-x86_64_arm-eabi/arm-eabi/libc/usr/lib/libc.a(lib_a-localeconv.o)
                0x00000000010f3774                __localeconv_l
                0x00000000010f377c                _localeconv_r
                0x00000000010f37a4                localeconv
 .text          0x00000000010f37cc       0x48 /opt/gcc-linaro-7.2.1-2017.11-x86_64_arm-eabi/arm-eabi/libc/usr/lib/libc.a(lib_a-lseekr.o)
                0x00000000010f37cc                _lseek_r
 .text          0x00000000010f3814      0x760 /opt/gcc-linaro-7.2.1-2017.11-x86_64_arm-eabi/arm-eabi/libc/usr/lib/libc.a(lib_a-mallocr.o)
                0x00000000010f3814                _malloc_r
 .text          0x00000000010f3f74      0x14c /opt/gcc-linaro-7.2.1-2017.11-x86_64_arm-eabi/arm-eabi/libc/usr/lib/libc.a(lib_a-mbrtowc.o)
                0x00000000010f3f74                _mbrtowc_r
                0x00000000010f401c                mbrtowc
 .text          0x00000000010f40c0      0x744 /opt/gcc-linaro-7.2.1-2017.11-x86_64_arm-eabi/arm-eabi/libc/usr/lib/libc.a(lib_a-mbtowc_r.o)
                0x00000000010f40c0                _mbtowc_r
                0x00000000010f40f4                __ascii_mbtowc
                0x00000000010f4138                __utf8_mbtowc
                0x00000000010f4440                __sjis_mbtowc
                0x00000000010f4514                __eucjp_mbtowc
                0x00000000010f464c                __jis_mbtowc
 .text          0x00000000010f4804      0x110 /opt/gcc-linaro-7.2.1-2017.11-x86_64_arm-eabi/arm-eabi/libc/usr/lib/libc.a(lib_a-memchr-stub.o)
                0x00000000010f4804                memchr
 .text          0x00000000010f4914        0x8 /opt/gcc-linaro-7.2.1-2017.11-x86_64_arm-eabi/arm-eabi/libc/usr/lib/libc.a(lib_a-mlock.o)
                0x00000000010f4914                __malloc_lock
                0x00000000010f4918                __malloc_unlock
 .text          0x00000000010f491c      0xdb8 /opt/gcc-linaro-7.2.1-2017.11-x86_64_arm-eabi/arm-eabi/libc/usr/lib/libc.a(lib_a-mprec.o)
                0x00000000010f491c                _Balloc
                0x00000000010f49a8                _Bfree
                0x00000000010f49c4                __multadd
                0x00000000010f4aa0                __s2b
                0x00000000010f4b84                __hi0bits
                0x00000000010f4bdc                __lo0bits
                0x00000000010f4c7c                __i2b
                0x00000000010f4ca0                __multiply
                0x00000000010f4ea0                __pow5mult
                0x00000000010f4fa4                __lshift
                0x00000000010f5098                __mcmp
                0x00000000010f50f8                __mdiff
                0x00000000010f5280                __ulp
                0x00000000010f52e8                __b2d
                0x00000000010f53c8                __d2b
                0x00000000010f54e0                __ratio
                0x00000000010f5570                _mprec_log10
                0x00000000010f55d0                __copybits
                0x00000000010f565c                __any_on
 .text          0x00000000010f56d4       0x48 /opt/gcc-linaro-7.2.1-2017.11-x86_64_arm-eabi/arm-eabi/libc/usr/lib/libc.a(lib_a-readr.o)
                0x00000000010f56d4                _read_r
 .text          0x00000000010f571c      0x124 /opt/gcc-linaro-7.2.1-2017.11-x86_64_arm-eabi/arm-eabi/libc/usr/lib/libc.a(lib_a-reent.o)
                0x00000000010f571c                cleanup_glue
                0x00000000010f5750                _reclaim_reent
 .text          0x00000000010f5840       0x98 /opt/gcc-linaro-7.2.1-2017.11-x86_64_arm-eabi/arm-eabi/libc/usr/lib/libc.a(lib_a-s_frexp.o)
                0x00000000010f5840                frexp
 .text          0x00000000010f58d8       0x3c /opt/gcc-linaro-7.2.1-2017.11-x86_64_arm-eabi/arm-eabi/libc/usr/lib/libc.a(lib_a-sbrkr.o)
                0x00000000010f58d8                _sbrk_r
 .text          0x00000000010f5914       0xcc /opt/gcc-linaro-7.2.1-2017.11-x86_64_arm-eabi/arm-eabi/libc/usr/lib/libc.a(lib_a-sccl.o)
                0x00000000010f5914                __sccl
 .text          0x00000000010f59e0        0xc /opt/gcc-linaro-7.2.1-2017.11-x86_64_arm-eabi/arm-eabi/libc/usr/lib/libc.a(lib_a-sf_nan.o)
                0x00000000010f59e0                nanf
 .text          0x00000000010f59ec      0x104 /opt/gcc-linaro-7.2.1-2017.11-x86_64_arm-eabi/arm-eabi/libc/usr/lib/libc.a(lib_a-stpncpy.o)
                0x00000000010f59ec                stpncpy
 .text          0x00000000010f5af0       0x70 /opt/gcc-linaro-7.2.1-2017.11-x86_64_arm-eabi/arm-eabi/libc/usr/lib/libc.a(lib_a-strcasecmp.o)
                0x00000000010f5af0                strcasecmp
 .text          0x00000000010f5b60       0x74 /opt/gcc-linaro-7.2.1-2017.11-x86_64_arm-eabi/arm-eabi/libc/usr/lib/libc.a(lib_a-strcat.o)
                0x00000000010f5b60                strcat
 .text          0x00000000010f5bd4      0x184 /opt/gcc-linaro-7.2.1-2017.11-x86_64_arm-eabi/arm-eabi/libc/usr/lib/libc.a(lib_a-strchr.o)
                0x00000000010f5bd4                strchr
 .text          0x00000000010f5d58       0x54 /opt/gcc-linaro-7.2.1-2017.11-x86_64_arm-eabi/arm-eabi/libc/usr/lib/libc.a(lib_a-strlcpy.o)
                0x00000000010f5d58                strlcpy
 .text          0x00000000010f5dac       0x94 /opt/gcc-linaro-7.2.1-2017.11-x86_64_arm-eabi/arm-eabi/libc/usr/lib/libc.a(lib_a-strncasecmp.o)
                0x00000000010f5dac                strncasecmp
 .text          0x00000000010f5e40     0x18a4 /opt/gcc-linaro-7.2.1-2017.11-x86_64_arm-eabi/arm-eabi/libc/usr/lib/libc.a(lib_a-strtod.o)
                0x00000000010f5e40                _strtod_l
                0x00000000010f7480                _strtod_r
                0x00000000010f74a4                strtod_l
                0x00000000010f74c0                strtod
                0x00000000010f74f8                strtof_l
                0x00000000010f75e4                strtof
 .text          0x00000000010f76e4      0x354 /opt/gcc-linaro-7.2.1-2017.11-x86_64_arm-eabi/arm-eabi/libc/usr/lib/libc.a(lib_a-strtoll.o)
                0x00000000010f7978                _strtoll_r
                0x00000000010f79b4                strtoll_l
                0x00000000010f79ec                strtoll
 .text          0x00000000010f7a38      0x338 /opt/gcc-linaro-7.2.1-2017.11-x86_64_arm-eabi/arm-eabi/libc/usr/lib/libc.a(lib_a-strtoull.o)
                0x00000000010f7cb0                _strtoull_r
                0x00000000010f7cec                strtoull_l
                0x00000000010f7d24                strtoull
 .text          0x00000000010f7d70     0x9c7c /opt/gcc-linaro-7.2.1-2017.11-x86_64_arm-eabi/arm-eabi/libc/usr/lib/libc.a(lib_a-svfiprintf.o)
                0x00000000010fee44                __ssprint_r
                0x00000000010fefd4                _svfiprintf_r
 .text          0x00000000011019ec     0x20e8 /opt/gcc-linaro-7.2.1-2017.11-x86_64_arm-eabi/arm-eabi/libc/usr/lib/libc.a(lib_a-svfiscanf.o)
                0x00000000011019ec                _sungetc_r
                0x0000000001101ad0                __ssrefill_r
                0x0000000001101b3c                _sfread_r
                0x0000000001101c0c                __ssvfiscanf_r
 .text          0x0000000001103ad4      0xa0c /opt/gcc-linaro-7.2.1-2017.11-x86_64_arm-eabi/arm-eabi/libc/usr/lib/libc.a(lib_a-syscalls.o)
                0x0000000001103b8c                initialise_monitor_handles
                0x0000000001103c3c                _swiread
                0x0000000001103c80                _read
                0x0000000001103d48                _swilseek
                0x0000000001103e44                _lseek
                0x0000000001103e64                _swiwrite
                0x0000000001103ea8                _write
                0x0000000001103f74                _swiopen
                0x0000000001104078                _open
                0x00000000011040ac                _swiclose
                0x0000000001104120                _close
                0x0000000001104140                _kill
                0x0000000001104178                _exit
                0x00000000011041a0                _getpid
                0x00000000011041a8                _sbrk
                0x0000000001104208                _fstat
                0x000000000110423c                _stat
                0x00000000011042a8                _link
                0x00000000011042b0                _unlink
                0x0000000001104308                _raise
                0x000000000110430c                _gettimeofday
                0x0000000001104354                _times
                0x0000000001104390                _isatty
                0x00000000011043e0                _system
                0x0000000001104474                _rename
 .text          0x00000000011044e0      0x23c /opt/gcc-linaro-7.2.1-2017.11-x86_64_arm-eabi/arm-eabi/libc/usr/lib/libc.a(lib_a-ungetc.o)
                0x00000000011044e0                __submore
                0x0000000001104590                _ungetc_r
                0x0000000001104704                ungetc
 .text          0x000000000110471c      0x21c /opt/gcc-linaro-7.2.1-2017.11-x86_64_arm-eabi/arm-eabi/libc/usr/lib/libc.a(lib_a-wcsnrtombs.o)
                0x000000000110471c                _wcsnrtombs_l
                0x0000000001104898                _wcsnrtombs_r
                0x00000000011048e0                wcsnrtombs
 .text          0x0000000001104938      0x35c /opt/gcc-linaro-7.2.1-2017.11-x86_64_arm-eabi/arm-eabi/libc/usr/lib/libc.a(lib_a-wctomb_r.o)
                0x0000000001104938                _wctomb_r
                0x000000000110496c                __ascii_wctomb
                0x0000000001104994                __utf8_wctomb
                0x0000000001104a80                __sjis_wctomb
                0x0000000001104b08                __eucjp_wctomb
                0x0000000001104bb8                __jis_wctomb
 .text          0x0000000001104c94       0x98 /opt/gcc-linaro-7.2.1-2017.11-x86_64_arm-eabi/arm-eabi/libc/usr/lib/libc.a(lib_a-callocr.o)
                0x0000000001104c94                _calloc_r
 .text          0x0000000001104d2c       0x10 /opt/gcc-linaro-7.2.1-2017.11-x86_64_arm-eabi/arm-eabi/libc/usr/lib/libc.a(lib_a-ctype_.o)
                0x0000000001104d2c                __set_ctype
 .text          0x0000000001104d3c       0x10 /opt/gcc-linaro-7.2.1-2017.11-x86_64_arm-eabi/arm-eabi/libc/usr/lib/libc.a(lib_a-errno.o)
                0x0000000001104d3c                __errno
 .text          0x0000000001104d4c      0x2dc /opt/gcc-linaro-7.2.1-2017.11-x86_64_arm-eabi/arm-eabi/libc/usr/lib/libc.a(lib_a-fflush.o)
                0x0000000001104d4c                __sflush_r
                0x0000000001104f94                _fflush_r
                0x0000000001104ff0                fflush
 .text          0x0000000001105028      0x340 /opt/gcc-linaro-7.2.1-2017.11-x86_64_arm-eabi/arm-eabi/libc/usr/lib/libc.a(lib_a-findfp.o)
                0x0000000001105030                _cleanup_r
                0x0000000001105198                __sfmoreglue
                0x00000000011051e8                __sfp
                0x00000000011052dc                _cleanup
                0x0000000001105300                __sinit
                0x0000000001105310                __sfp_lock_acquire
                0x0000000001105314                __sfp_lock_release
                0x0000000001105318                __sinit_lock_acquire
                0x000000000110531c                __sinit_lock_release
                0x0000000001105320                __fp_lock_all
                0x0000000001105344                __fp_unlock_all
 .text          0x0000000001105368       0xf8 /opt/gcc-linaro-7.2.1-2017.11-x86_64_arm-eabi/arm-eabi/libc/usr/lib/libc.a(lib_a-fwalk.o)
                0x0000000001105368                _fwalk
                0x00000000011053e0                _fwalk_reent
 .text          0x0000000001105460      0x90c /opt/gcc-linaro-7.2.1-2017.11-x86_64_arm-eabi/arm-eabi/libc/usr/lib/libc.a(lib_a-gdtoa-gethex.o)
                0x000000000110556c                __gethex
 .text          0x0000000001105d6c      0x2c8 /opt/gcc-linaro-7.2.1-2017.11-x86_64_arm-eabi/arm-eabi/libc/usr/lib/libc.a(lib_a-gdtoa-hexnan.o)
                0x0000000001105d6c                __match
                0x0000000001105dd4                __hexnan
 .text          0x0000000001106034       0xec /opt/gcc-linaro-7.2.1-2017.11-x86_64_arm-eabi/arm-eabi/libc/usr/lib/libc.a(lib_a-getenv_r.o)
                0x0000000001106034                _findenv_r
                0x0000000001106104                _getenv_r
 .text          0x0000000001106120      0x4dc /opt/gcc-linaro-7.2.1-2017.11-x86_64_arm-eabi/arm-eabi/libc/usr/lib/libc.a(lib_a-reallocr.o)
                0x0000000001106120                _realloc_r
 .text          0x00000000011065fc        0x0 /opt/gcc-linaro-7.2.1-2017.11-x86_64_arm-eabi/arm-eabi/libc/usr/lib/libc.a(lib_a-environ.o)
 .text          0x00000000011065fc        0x8 /opt/gcc-linaro-7.2.1-2017.11-x86_64_arm-eabi/arm-eabi/libc/usr/lib/libc.a(lib_a-envlock.o)
                0x00000000011065fc                __env_lock
                0x0000000001106600                __env_unlock
 .text          0x0000000001106604      0x114 /opt/gcc-linaro-7.2.1-2017.11-x86_64_arm-eabi/arm-eabi/libc/usr/lib/libc.a(lib_a-fclose.o)
                0x0000000001106604                _fclose_r
                0x0000000001106704                fclose
 .text          0x0000000001106718        0x8 /opt/gcc-linaro-7.2.1-2017.11-x86_64_arm-eabi/arm-eabi/libc/usr/lib/libm.a(lib_a-sf_fabs.o)
                0x0000000001106718                fabsf
 .text          0x0000000001106720       0xcc /opt/gcc-linaro-7.2.1-2017.11-x86_64_arm-eabi/arm-eabi/libc/usr/lib/libm.a(lib_a-sf_sin.o)
                0x0000000001106720                sinf
 .text          0x00000000011067ec       0x84 /opt/gcc-linaro-7.2.1-2017.11-x86_64_arm-eabi/arm-eabi/libc/usr/lib/libm.a(lib_a-sf_tan.o)
                0x00000000011067ec                tanf
 .text          0x0000000001106870       0x10 /opt/gcc-linaro-7.2.1-2017.11-x86_64_arm-eabi/arm-eabi/libc/usr/lib/libm.a(lib_a-wf_atan2.o)
                0x0000000001106870                atan2f
 .text          0x0000000001106880      0x500 /opt/gcc-linaro-7.2.1-2017.11-x86_64_arm-eabi/arm-eabi/libc/usr/lib/libm.a(lib_a-wf_pow.o)
                0x0000000001106880                powf
 .text          0x0000000001106d80      0x130 /opt/gcc-linaro-7.2.1-2017.11-x86_64_arm-eabi/arm-eabi/libc/usr/lib/libm.a(lib_a-wf_sqrt.o)
                0x0000000001106d80                sqrtf
 .text          0x0000000001106eb0      0x1b0 /opt/gcc-linaro-7.2.1-2017.11-x86_64_arm-eabi/arm-eabi/libc/usr/lib/libm.a(lib_a-ef_atan2.o)
                0x0000000001106eb0                __ieee754_atan2f