Archive member included to satisfy reference by file (symbol)

/opt/gcc-linaro-7.2.1-2017.11-x86_64_arm-eabi/arm-eabi/libc/usr/lib/libc.a(lib_a-atoi.o)
                              ./../../../build/tcc70xx/gcc/tcc70xx-freertos-debug/obj/audio_test.o (atoi)
/opt/gcc-linaro-7.2.1-2017.11-x86_64_arm-eabi/arm-eabi/libc/usr/lib/libc.a(lib_a-memcmp.o)
                              ./../../../build/tcc70xx/gcc/tcc70xx-freertos-debug/obj/FreeRTOS_ARP.o (memcmp)
/opt/gcc-linaro-7.2.1-2017.11-x86_64_arm-eabi/arm-eabi/libc/usr/lib/libc.a(lib_a-memcpy-stub.o)
                              ./../../../build/tcc70xx/gcc/tcc70xx-freertos-debug/obj/main.o (memcpy)
/opt/gcc-linaro-7.2.1-2017.11-x86_64_arm-eabi/arm-eabi/libc/usr/lib/libc.a(lib_a-memmove.o)
                              ./../../../build/tcc70xx/gcc/tcc70xx-freertos-debug/obj/FreeRTOS_IP.o (memmove)
/opt/gcc-linaro-7.2.1-2017.11-x86_64_arm-eabi/arm-eabi/libc/usr/lib/libc.a(lib_a-memset.o)
                              ./../../../build/tcc70xx/gcc/tcc70xx-freertos-debug/obj/main.o (memset)
/opt/gcc-linaro-7.2.1-2017.11-x86_64_arm-eabi/arm-eabi/libc/usr/lib/libc.a(lib_a-snprintf.o)
                              ./../../../build/tcc70xx/gcc/tcc70xx-freertos-debug/obj/iperf_task_v3_0d.o (snprintf)
/opt/gcc-linaro-7.2.1-2017.11-x86_64_arm-eabi/arm-eabi/libc/usr/lib/libc.a(lib_a-sprintf.o)
                              ./../../../build/tcc70xx/gcc/tcc70xx-freertos-debug/obj/iperf_task_v3_0d.o (sprintf)
/opt/gcc-linaro-7.2.1-2017.11-x86_64_arm-eabi/arm-eabi/libc/usr/lib/libc.a(lib_a-sscanf.o)
                              ./../../../build/tcc70xx/gcc/tcc70xx-freertos-debug/obj/iperf_task_v3_0d.o (sscanf)
/opt/gcc-linaro-7.2.1-2017.11-x86_64_arm-eabi/arm-eabi/libc/usr/lib/libc.a(lib_a-stdio.o)
                              /opt/gcc-linaro-7.2.1-2017.11-x86_64_arm-eabi/arm-eabi/libc/usr/lib/libc.a(lib_a-sscanf.o) (__seofread)
/opt/gcc-linaro-7.2.1-2017.11-x86_64_arm-eabi/arm-eabi/libc/usr/lib/libc.a(lib_a-strcmp.o)
                              ./../../../build/tcc70xx/gcc/tcc70xx-freertos-debug/obj/FreeRTOS_DNS.o (strcmp)
/opt/gcc-linaro-7.2.1-2017.11-x86_64_arm-eabi/arm-eabi/libc/usr/lib/libc.a(lib_a-strcpy.o)
                              ./../../../build/tcc70xx/gcc/tcc70xx-freertos-debug/obj/FreeRTOS_DNS.o (strcpy)
/opt/gcc-linaro-7.2.1-2017.11-x86_64_arm-eabi/arm-eabi/libc/usr/lib/libc.a(lib_a-strlen-stub.o)
                              ./../../../build/tcc70xx/gcc/tcc70xx-freertos-debug/obj/tasks.o (strlen)
/opt/gcc-linaro-7.2.1-2017.11-x86_64_arm-eabi/arm-eabi/libc/usr/lib/libc.a(lib_a-strncmp.o)
                              ./../../../build/tcc70xx/gcc/tcc70xx-freertos-debug/obj/iperf_task_v3_0d.o (strncmp)
/opt/gcc-linaro-7.2.1-2017.11-x86_64_arm-eabi/arm-eabi/libc/usr/lib/libc.a(lib_a-strncpy.o)
                              ./../../../build/tcc70xx/gcc/tcc70xx-freertos-debug/obj/iperf_task_v3_0d.o (strncpy)
/opt/gcc-linaro-7.2.1-2017.11-x86_64_arm-eabi/arm-eabi/libc/usr/lib/libc.a(lib_a-strnlen.o)
                              ./../../../build/tcc70xx/gcc/tcc70xx-freertos-debug/obj/sal_freertos_impl.o (strnlen)
/opt/gcc-linaro-7.2.1-2017.11-x86_64_arm-eabi/arm-eabi/libc/usr/lib/libc.a(lib_a-strtol.o)
                              /opt/gcc-linaro-7.2.1-2017.11-x86_64_arm-eabi/arm-eabi/libc/usr/lib/libc.a(lib_a-atoi.o) (_strtol_r)
/opt/gcc-linaro-7.2.1-2017.11-x86_64_arm-eabi/arm-eabi/libc/usr/lib/libc.a(lib_a-strtoul.o)
                              ./../../../build/tcc70xx/gcc/tcc70xx-freertos-debug/obj/console.o (strtoul)
/opt/gcc-linaro-7.2.1-2017.11-x86_64_arm-eabi/arm-eabi/libc/usr/lib/libc.a(lib_a-svfprintf.o)
                              /opt/gcc-linaro-7.2.1-2017.11-x86_64_arm-eabi/arm-eabi/libc/usr/lib/libc.a(lib_a-snprintf.o) (_svfprintf_r)
/opt/gcc-linaro-7.2.1-2017.11-x86_64_arm-eabi/arm-eabi/libc/usr/lib/libc.a(lib_a-svfscanf.o)
                              /opt/gcc-linaro-7.2.1-2017.11-x86_64_arm-eabi/arm-eabi/libc/usr/lib/libc.a(lib_a-sscanf.o) (__ssvfscanf_r)
/opt/gcc-linaro-7.2.1-2017.11-x86_64_arm-eabi/arm-eabi/libc/usr/lib/libc.a(lib_a-wcrtomb.o)
                              /opt/gcc-linaro-7.2.1-2017.11-x86_64_arm-eabi/arm-eabi/libc/usr/lib/libc.a(lib_a-svfprintf.o) (_wcrtomb_r)
/opt/gcc-linaro-7.2.1-2017.11-x86_64_arm-eabi/arm-eabi/libc/usr/lib/libc.a(lib_a-wcsrtombs.o)
                              /opt/gcc-linaro-7.2.1-2017.11-x86_64_arm-eabi/arm-eabi/libc/usr/lib/libc.a(lib_a-svfprintf.o) (_wcsrtombs_r)
/opt/gcc-linaro-7.2.1-2017.11-x86_64_arm-eabi/arm-eabi/libc/usr/lib/libc.a(lib_a-writer.o)
                              /opt/gcc-linaro-7.2.1-2017.11-x86_64_arm-eabi/arm-eabi/libc/usr/lib/libc.a(lib_a-stdio.o) (_write_r)
/opt/gcc-linaro-7.2.1-2017.11-x86_64_arm-eabi/arm-eabi/libc/usr/lib/libc.a(lib_a-closer.o)
                              /opt/gcc-linaro-7.2.1-2017.11-x86_64_arm-eabi/arm-eabi/libc/usr/lib/libc.a(lib_a-stdio.o) (_close_r)
/opt/gcc-linaro-7.2.1-2017.11-x86_64_arm-eabi/arm-eabi/libc/usr/lib/libc.a(lib_a-dtoa.o)
[...]
Memory Configuration

Name             Origin             Length             Attributes
SRAM             0x0000000000000000 0x0000000000079980 xrw
SRAM_CODELOAD    0x0000000000078980 0x0000000000001000 xrw
SRAM_ARM_STACK   0x0000000000079980 0x0000000000000680 xrw
CAN_NC_SRAM      0x000000000007a000 0x0000000000002000 xrw
NC_SRAM          0x000000000007c000 0x0000000000004000 xrw
REMAP_FLASH      0x0000000001043000 0x0000000000200000 xr
*default*        0x0000000000000000 0xffffffffffffffff

Linker script and memory map

                0x0000000000000000                __VECTOR_START = 0x0
                0x0000000000001000                LOADCODE_SIZE = 0x1000
                0x0000000000004000                DMA_NC_SIZE = 0x4000
                0x0000000000002000                CAN_NC_SIZE = 0x2000
                0x0000000000080000                SRAM_TOTAL_SIZE = 0x80000
                0x0000000000000680                ARM_STACK_SIZE = 0x680
                0x000000000007a000                STACK_BASE_ADDR = (((__VECTOR_START + SRAM_TOTAL_SIZE) - DMA_NC_SIZE) - CAN_NC_SIZE)

.text           0x0000000001043000    0xc7e34
                0x0000000001043000                __TEXT_START__ = .
 *startup.o(.text)
 .text          0x0000000001043000      0x240 ./../../../build/tcc70xx/gcc/tcc70xx-freertos-debug/obj/startup.o
                0x0000000001043000                reset
 *(.text)
 .text          0x0000000001043240     0x609c ./../../../build/tcc70xx/gcc/tcc70xx-freertos-debug/obj/main.o
                0x0000000001043c8c                cmain
 .text          0x00000000010492dc      0x2e8 ./../../../build/tcc70xx/gcc/tcc70xx-freertos-debug/obj/kalman_filter.o
                0x00000000010492dc                Kalman_Init
                0x0000000001049374                Kalman_Update
 .text          0x00000000010495c4      0x3b0 ./../../../build/tcc70xx/gcc/tcc70xx-freertos-debug/obj/printf_float.o
                0x00000000010495c4                Print_Float_Value
 .text          0x0000000001049974      0xe1c ./../../../build/tcc70xx/gcc/tcc70xx-freertos-debug/obj/imu_calibration.o
                0x0000000001049974                Calculate_Statistics
                0x0000000001049b50                IMU_Calibration_Task
 .text          0x000000000104a790      0x630 ./../../../build/tcc70xx/gcc/tcc70xx-freertos-debug/obj/servo_control.o
                0x000000000104aa08                Servo_GetPulseNs
                0x000000000104aa50                Servo_Init
                0x000000000104abfc                Servo_SetPulseNs
                0x000000000104acb4                Servo_SetPulseAllNs
                0x000000000104ad88                Servo_SetNeutral_All
 .text          0x000000000104adc0     0x1184 ./../../../build/tcc70xx/gcc/tcc70xx-freertos-debug/obj/ADXL345_test.o
                0x000000000104b094                ADXL345_Test_Task
                0x000000000104b9b4                ADXL_Test_SingleRead
                0x000000000104baa8                ADXL_Test_Continuous
                0x000000000104bcc8                ADXL_Test_ImpactDetection
 .text          0x000000000104bf44      0xa18 ./../../../build/tcc70xx/gcc/tcc70xx-freertos-debug/obj/ISO2631-1.o
                0x000000000104c2c8                ISO2631_Init
                0x000000000104c390                ISO2631_SetWarmup
                0x000000000104c3e0                ISO2631_Start
                0x000000000104c678                ISO2631_Update
                0x000000000104c91c                ISO2631_GetMetrics
 .text          0x000000000104c95c     0x1a50 ./../../../build/tcc70xx/gcc/tcc70xx-freertos-debug/obj/can_demo.o
                0x000000000104db30                CAN_DemoInitialize
                0x000000000104dd84                CAN_DemoTest
                0x000000000104e2a8                CAN_DemoCreateApp
 .text          0x000000000104e3ac     0x3d34 ./../../../build/tcc70xx/gcc/tcc70xx-freertos-debug/obj/console.o
                0x0000000001052064                CreateConsoleTask
 .text          0x00000000010520e0     0x20c0 ./../../../build/tcc70xx/gcc/tcc70xx-freertos-debug/obj/fwupdate.o
                0x0000000001052410                FWUD_Start
                0x00000000010539c0                FWUD_Sync
                0x0000000001054124                CreateFWUDTask
 .text          0x00000000010541a0       0xa8 ./../../../build/tcc70xx/gcc/tcc70xx-freertos-debug/obj/idle.o
                0x00000000010541cc                IDLE_CreateTask
 .text          0x0000000001054248     0x1200 ./../../../build/tcc70xx/gcc/tcc70xx-freertos-debug/obj/iperf_task_v3_0d.o
                0x00000000010542b8                vIPerfInstall
                0x00000000010552f4                vIPerfTask
 .text          0x0000000001055448      0x404 ./../../../build/tcc70xx/gcc/tcc70xx-freertos-debug/obj/spi_led.o
                0x0000000001055780                SPILED_StatusOn
                0x00000000010557a8                SPILED_StatusOff
                0x00000000010557d0                SPILED_CreateAppTask
 .text          0x000000000105584c      0xb0c ./../../../build/tcc70xx/gcc/tcc70xx-freertos-debug/obj/audio_test.o
                0x000000000105584c                AUDIO_Read
                0x00000000010558c4                AUDIO_DACHwMute
                0x000000000105590c                AUDIO_CreateAppTask
                0x0000000001055ba0                AUDIO_Init
                0x0000000001055d2c                AUDIO_SampleTest
                0x0000000001056288                AUDIO_TestUsage
 .text          0x0000000001056358      0x37c ./../../../build/tcc70xx/gcc/tcc70xx-freertos-debug/obj/audio_chip_veri.o
                0x0000000001056358                DR_Irq
                0x00000000010563c8                AUDIO_LRMode_Test
                0x00000000010566ac                AUDIO_ErrorOcuur_TEST
 .text          0x00000000010566d4      0x698 ./../../../build/tcc70xx/gcc/tcc70xx-freertos-debug/obj/wm8904.o
                0x00000000010566d4                WM8904_SendCmd
                0x0000000001056828                WM8904_ReadCmd
                0x0000000001056970                WM8904_Initial
                0x0000000001056c78                WM8904_SetVolume
 *fill*         0x0000000001056d6c        0x4 
 .text          0x0000000001056d70      0x6a0 ./../../../build/tcc70xx/gcc/tcc70xx-freertos-debug/obj/cpu_test.o
                0x0000000001056d70                Disble_Cache
                0x0000000001056da0                Enable_Cache
                0x0000000001056ea4                Calculate_CacheTime
                0x0000000001056fcc                Calculate_FPU
                0x0000000001057374                RemapMicomTest
 .text          0x0000000001057410      0x6dc ./../../../build/tcc70xx/gcc/tcc70xx-freertos-debug/obj/dse_test.o
                0x0000000001057478                DSE_Test_R5AccessFault
                0x0000000001057784                DSE_Test_SoftFaultCheck
 .text          0x0000000001057aec     0x2e88 ./../../../build/tcc70xx/gcc/tcc70xx-freertos-debug/obj/eflash_test.o
                0x00000000010586a8                EFLASHTest_ECC
                0x0000000001058944                EFLASHTest_RESET
                0x0000000001058ae0                EFLASHTest_Int_Test
                0x0000000001059098                EFLASHTest_PflashAccessControl
                0x0000000001059334                EFLASHTest_Int_DFLASHTest
                0x0000000001059c14                EFLASHTest_DflashEcc
                0x0000000001059eb0                EFLASHTest_DflashAccessControl
                0x000000000105a14c                EFLASHTest_flashEraseWrite
                0x000000000105a560                EFLASHTest_snorEraseWrite
 .text          0x000000000105a974      0x6b4 ./../../../build/tcc70xx/gcc/tcc70xx-freertos-debug/obj/fmu_test.o
                0x000000000105afd4                FMU_StartFmuTest
 .text          0x000000000105b028      0x39c ./../../../build/tcc70xx/gcc/tcc70xx-freertos-debug/obj/gdma_test.o
                0x000000000105b028                GDMA_SampleForM2M
 .text          0x000000000105b3c4        0x0 ./../../../build/tcc70xx/gcc/tcc70xx-freertos-debug/obj/gdma_ip_test.o
 .text          0x000000000105b3c4      0x440 ./../../../build/tcc70xx/gcc/tcc70xx-freertos-debug/obj/gic_test.o
                0x000000000105b49c                GIC_Test_SmInt
                0x000000000105b674                GIC_Test_Sgi
 .text          0x000000000105b804     0x41a4 ./../../../build/tcc70xx/gcc/tcc70xx-freertos-debug/obj/gpio_test.o
                0x000000000105f918                GPIO_StartGpioTest
 .text          0x000000000105f9a8     0x2234 ./../../../build/tcc70xx/gcc/tcc70xx-freertos-debug/obj/gpsb_test.o
                0x000000000106164c                GPSB_CreateSlaveTestTask
                0x00000000010616f0                GPSB_Test
 .text          0x0000000001061bdc     0x5f3c ./../../../build/tcc70xx/gcc/tcc70xx-freertos-debug/obj/hsm_test.o
                0x00000000010678d0                HSM_Test
 .text          0x0000000001067b18      0x798 ./../../../build/tcc70xx/gcc/tcc70xx-freertos-debug/obj/i2c_test.o
                0x0000000001068290                I2C_TestMain
 .text          0x00000000010682b0      0x838 ./../../../build/tcc70xx/gcc/tcc70xx-freertos-debug/obj/ictc_test.o
                0x0000000001068a88                ICTC_SelectTestCase
 .text          0x0000000001068ae8      0xb88 ./../../../build/tcc70xx/gcc/tcc70xx-freertos-debug/obj/lin_test.o
                0x0000000001068ae8                LIN_TestUsage
                0x0000000001068b58                LIN_GetDLC
                0x0000000001068bc4                LIN_UserResponse
                0x0000000001068d10                LIN_CreateAppTask
                0x0000000001069184                LIN_SampleTest
 .text          0x0000000001069670      0x764 ./../../../build/tcc70xx/gcc/tcc70xx-freertos-debug/obj/pdm_test.o
                0x0000000001069d6c                PDM_SelectTestCase
 .text          0x0000000001069dd4      0x8bc ./../../../build/tcc70xx/gcc/tcc70xx-freertos-debug/obj/pmu_test.o
                0x0000000001069e64                PMU_TEST_FmuMonitoringTest
                0x0000000001069fc4                PMU_TEST_GetRstStatus
                0x000000000106a4a4                PMU_TEST_RstMonitoringTest
                0x000000000106a61c                PMU_TEST_RstReqTest
 .text          0x000000000106a690      0x564 ./../../../build/tcc70xx/gcc/tcc70xx-freertos-debug/obj/rtc_test.o
                0x000000000106a794                RTC_TEST_Time
                0x000000000106aa10                RTC_TEST_Alarm
 .text          0x000000000106abf4      0x128 ./../../../build/tcc70xx/gcc/tcc70xx-freertos-debug/obj/sfmc_test.o
                0x000000000106ac98                SFMC_Test
 .text          0x000000000106ad1c      0x7c8 ./../../../build/tcc70xx/gcc/tcc70xx-freertos-debug/obj/echo_test.o
                0x000000000106ad1c                SOCKTEST_IPInit
                0x000000000106af50                SOCKTEST_EchoSend
                0x000000000106b264                SOCKTEST_EchoRecv
 .text          0x000000000106b4e4     0x12d4 ./../../../build/tcc70xx/gcc/tcc70xx-freertos-debug/obj/timer_test.o
                0x000000000106c6b0                TIMER_StartTimerTest
 .text          0x000000000106c7b8      0xd94 ./../../../build/tcc70xx/gcc/tcc70xx-freertos-debug/obj/uart_test.o
                0x000000000106d218                UART_ConsoleTxTest
                0x000000000106d4d0                UART_SelectTestCase
 .text          0x000000000106d54c     0x1518 ./../../../build/tcc70xx/gcc/tcc70xx-freertos-debug/obj/wdt_test.o
                0x000000000106e768                WDT_StartTest
 .text          0x000000000106ea64     0x1014 ./../../../build/tcc70xx/gcc/tcc70xx-freertos-debug/obj/writelock_test.o
                0x000000000106fa48                Test_WriteProtection
 .text          0x000000000106fa78      0x178 ./../../../build/tcc70xx/gcc/tcc70xx-freertos-debug/obj/eth_test.o
                0x000000000106fa78                ETH_TestSend
                0x000000000106faa4                ETH_TestInit
                0x000000000106fac8                ETH_TestIPInit
                0x000000000106fbb8                ETH_TestIperf
                0x000000000106fbcc                ETH_TestLoopback
 .text          0x000000000106fbf0     0x1580 ./../../../build/tcc70xx/gcc/tcc70xx-freertos-debug/obj/spu_test.o
                0x0000000001070a78                SPU_SelectTestCase
                0x0000000001070d5c                SPU_Test_SSL_With_Key
 .text          0x0000000001071170      0x780 ./../../../build/tcc70xx/gcc/tcc70xx-freertos-debug/obj/power_app.o
                0x0000000001071854                POWER_APP_StartDemo
 .text          0x00000000010718f0     0x20dc ./../../../build/tcc70xx/gcc/tcc70xx-freertos-debug/obj/power_com.o
                0x0000000001072cec                POWER_COM_Start
                0x0000000001073170                POWER_COM_HaltCh
                0x0000000001073288                POWER_COM_SendMsg
                0x00000000010734bc                POWER_COM_RecvMsg
 .text          0x00000000010739cc     0x25dc ./../../../build/tcc70xx/gcc/tcc70xx-freertos-debug/obj/spi_eccp.o
                0x00000000010739cc                ECCP_InitSPIManager
                0x0000000001073e60                ECCP_Open
                0x00000000010740ac                ECCP_Send
                0x000000000107424c                ECCP_Recv
                0x0000000001075ea0                ECCP_Dump
 .text          0x0000000001075fa8     0x6068 ./../../../build/tcc70xx/gcc/tcc70xx-freertos-debug/obj/hsm_manager.o
                0x0000000001075fa8                HSM_Init
                0x0000000001076804                HSM_UpdateVerify
                0x0000000001076b9c                HSM_VerifyFw
                0x0000000001076cf0                HSM_SetKey
                0x0000000001076f28                HSM_RunAes
                0x0000000001077584                HSM_RunAesByKt
                0x0000000001077b58                HSM_GenMac
                0x0000000001078030                HSM_GenMacByKt
                0x0000000001078480                HSM_Verifymac
                0x000000000107893c                HSM_GenHash
                0x0000000001078cb8                HSM_RunRsassa
                0x0000000001079134                HSM_RunEcdsa
                0x00000000010796f8                HSM_RunEcdhPhaseI
                0x0000000001079bfc                HSM_RunEcdhPhaseII
                0x000000000107a084                HSM_ComputeEcdhPubKey
                0x000000000107a464                HSM_Pbkdf2
                0x000000000107a960                HSM_CertiParse
                0x000000000107ac74                HSM_CertiVerify
                0x000000000107af3c                HSM_DfWrite
                0x000000000107b1d8                HSM_TRNG
                0x000000000107b470                HSM_PRNG
                0x000000000107b7b8                HSM_SelectBank
                0x000000000107b970                HSM_GetVersion
                0x000000000107bba8                HSM_ProgramLDT
                0x000000000107be28                HSM_ReadLDT
 .text          0x000000000107c010     0x18a0 ./../../../build/tcc70xx/gcc/tcc70xx-freertos-debug/obj/lin.o
                0x000000000107c07c                LIN_CalcProtectId
                0x000000000107c2ec                LIN_CalcFrameId
                0x000000000107c450                LIN_CalClassicChecksum
                0x000000000107c5b0                LIN_CalEnhancedChecksum
                0x000000000107c8a4                LIN_ReadHeader
                0x000000000107cc5c                LIN_ReadResponse
                0x000000000107d02c                LIN_FlushRxData
                0x000000000107d0dc                LIN_Init
                0x000000000107d3c4                LIN_MasterTx
                0x000000000107d470                LIN_MasterRx
                0x000000000107d4d0                LIN_GetStatus
                0x000000000107d614                LIN_RegisterCB
 .text          0x000000000107d8b0      0x104 ./../../../build/tcc70xx/gcc/tcc70xx-freertos-debug/obj/swl.o
                0x000000000107d94c                SWL_Init
                0x000000000107d980                SWL_Write
 .text          0x000000000107d9b4      0x848 ./../../../build/tcc70xx/gcc/tcc70xx-freertos-debug/obj/adc.o
                0x000000000107dd20                ADC_Init
                0x000000000107dea8                ADC_Read
                0x000000000107e0e8                ADC_AutoScan
                0x000000000107e1b8                ADC_DeInit
 .text          0x000000000107e1fc      0xa48 ./../../../build/tcc70xx/gcc/tcc70xx-freertos-debug/obj/can.o
                0x000000000107e1fc                CAN_Init
                0x000000000107e394                CAN_Deinit
                0x000000000107e4c0                CAN_InitMessage
                0x000000000107e548                CAN_CheckNewRxMessage
                0x000000000107e590                CAN_GetNewRxMessage
                0x000000000107e684                CAN_SendMessage
                0x000000000107e788                CAN_RequestTxMessageCancellation
                0x000000000107e848                CAN_CheckNewTxEvent
                0x000000000107e890                CAN_GetNewTxEvent
                0x000000000107e8f0                CAN_SetControllerMode
                0x000000000107ea44                CAN_GetControllerMode
                0x000000000107eac8                CAN_GetProtocolStatus
                0x000000000107eb48                CAN_RegisterCallbackFunctionTx
                0x000000000107eb9c                CAN_RegisterCallbackFunctionRx
                0x000000000107ebf0                CAN_RegisterCallbackFunctionError
 .text          0x000000000107ec44     0x3424 ./../../../build/tcc70xx/gcc/tcc70xx-freertos-debug/obj/can_drv.o
                0x000000000107ec44                CAN_DrvGetControllerInfo
                0x000000000107eedc                CAN_DrvInitChannel
                0x000000000107efa8                CAN_DrvDeinitChannel
                0x000000000107f088                CAN_DrvSetNormalOperationMode
                0x000000000107f20c                CAN_DrvSetMonitoringMode
                0x000000000107f2f4                CAN_DrvResetController
                0x000000000107f348                CAN_DrvSetInternalTestMode
                0x000000000107f458                CAN_DrvSetExternalTestMode
                0x000000000107f554                CAN_DrvSetWakeUpMode
                0x000000000107f6d0                CAN_DrvSetSleepMode
                0x0000000001081364                CAN_DrvGetProtocolStatus
                0x0000000001081eec                CAN_DrvCallbackNotifyRxEvent
 .text          0x0000000001082068     0x1b68 ./../../../build/tcc70xx/gcc/tcc70xx-freertos-debug/obj/can_msg.o
                0x0000000001082068                CAN_MsgInit
                0x0000000001082e24                CAN_MsgPutRxMessage
                0x0000000001082ec8                CAN_MsgGetCountOfRxMessage
                0x0000000001082ffc                CAN_MsgGetRxMessage
                0x0000000001083500                CAN_MsgSetTxMessage
                0x0000000001083864                CAN_MsgRequestTxMessageCancellation
                0x00000000010838f8                CAN_MsgGetCountOfTxEvent
                0x0000000001083984                CAN_MsgGetTxEventMessage
 .text          0x0000000001083bd0        0x0 ./../../../build/tcc70xx/gcc/tcc70xx-freertos-debug/obj/can_par.o
 .text          0x0000000001083bd0      0xd24 ./../../../build/tcc70xx/gcc/tcc70xx-freertos-debug/obj/can_porting.o
                0x0000000001083bd0                CAN_PortingDelay
                0x0000000001083c34                CAN_PortingInitHW
                0x0000000001083d60                CAN_PortingSetControllerClock
                0x0000000001083e34                CAN_PortingResetDriver
                0x0000000001083fb8                CAN_PortingSetInterruptHandler
                0x0000000001084030                CAN_PortingDisableControllerInterrupts
                0x0000000001084084                CAN_PortingEnableControllerInterrupts
                0x00000000010840d8                CAN_PortingGetSizeofStandardIDFilterList
                0x000000000108411c                CAN_PortingGetSizeofExtendedIDFilterList
                0x0000000001084160                CAN_PortingGetSizeofRxFIFO0
                0x00000000010841a4                CAN_PortingGetSizeofRxFIFO1
                0x00000000010841e8                CAN_PortingGetSizeofRxBuffer
                0x000000000108422c                CAN_PortingGetSizeofTxEventBuffer
                0x0000000001084270                CAN_PortingGetSizeofTxBuffer
                0x00000000010842b4                CAN_PortingGetBitRateSwitchEnable
                0x00000000010842f8                CAN_PortingGetFDEnable
                0x000000000108433c                CAN_PortingGetStandardIDFilterEnable
                0x0000000001084380                CAN_PortingGetExtendedIDFilterEnable
                0x00000000010843c4                CAN_PortingGetStandardIDRemoteRejectEnable
                0x0000000001084408                CAN_PortingGetExtendedIDRemoteRejectEnable
                0x000000000108444c                CAN_PortingGetTxEventFIFOEnable
                0x0000000001084490                CAN_PortingGetWatchDogEnable
                0x00000000010844d4                CAN_PortingGetTimeOutEnable
                0x0000000001084518                CAN_PortingGetTimeStampEnable
                0x000000000108455c                CAN_PortingAllocateNonCacheMemory
                0x00000000010845ec                CAN_PortingDeallocateNonCacheMemory
                0x000000000108462c                CAN_PortingGetControllerRegister
                0x00000000010846b4                CAN_PortingGetConfigBaseAddr
                0x00000000010846e0                CAN_PortingGetMessageRamBaseAddr
                0x000000000108476c                CAN_PortingGetConfigEXTS0Addr
                0x00000000010847e8                CAN_PortingGetConfigEXTS1Addr
                0x0000000001084864                CAN_PortingGetConfigWritePasswordAddr
                0x00000000010848ac                CAN_PortingGetConfigWriteLockAddr
 *fill*         0x00000000010848f4        0x4 
 .text          0x00000000010848f8     0x22a0 ./../../../build/tcc70xx/gcc/tcc70xx-freertos-debug/obj/clock_dev.o
                0x0000000001085a44                CLOCK_Init
                0x0000000001085b0c                CLOCK_SetPllDiv
                0x0000000001085c70                CLOCK_GetPllRate
                0x0000000001085ce8                CLOCK_SetPllRate
                0x00000000010862ac                CLOCK_SetClkCtrlRate
                0x000000000108634c                CLOCK_GetClkCtrlRate
                0x00000000010864a4                CLOCK_IsPeriEnabled
                0x000000000108650c                CLOCK_EnablePeri
                0x000000000108656c                CLOCK_DisablePeri
                0x00000000010865cc                CLOCK_GetPeriRate
                0x0000000001086748                CLOCK_SetPeriRate
                0x0000000001086864                CLOCK_IsIobusPwdn
                0x0000000001086918                CLOCK_EnableIobus
                0x00000000010869b8                CLOCK_SetIobusPwdn
                0x0000000001086aa8                CLOCK_SetSwReset
 .text          0x0000000001086b98      0xba8 ./../../../build/tcc70xx/gcc/tcc70xx-freertos-debug/obj/debug.o
                0x0000000001086b98                DBG_Putc
                0x0000000001086ff8                DBG_Printfi
                0x0000000001087714                DBG_SerialPrintf
 .text          0x0000000001087740      0x118 ./../../../build/tcc70xx/gcc/tcc70xx-freertos-debug/obj/bsp.o
                0x0000000001087740                BSP_PreInit
                0x0000000001087760                BSP_Init
                0x00000000010877c8                BSP_UndefAbortExceptionHook
                0x00000000010877f0                BSP_SystemHalt
                0x0000000001087830                BSP_EnableSYSPower
 .text          0x0000000001087858      0x440 ./../../../build/tcc70xx/gcc/tcc70xx-freertos-debug/obj/dse.o
                0x00000000010878c0                DSE_WriteLock
                0x0000000001087ab8                DSE_Deinit
                0x0000000001087b14                DSE_Init
                0x0000000001087c6c                DSE_GetGrpSts
 .text          0x0000000001087c98     0x2650 ./../../../build/tcc70xx/gcc/tcc70xx-freertos-debug/obj/eflash.o
                0x00000000010887e8                EFLASH_WriteByte
                0x0000000001088d78                EFLASH_DFLASH_WriteByte
                0x00000000010890a4                EFLASH_Erase
                0x00000000010896b8                EFLASH_Init
                0x00000000010896f4                EFLASH_FWDN_LowFormat
                0x0000000001089754                EFLASH_FWDN_Read
                0x0000000001089934                EFLASH_FWDN_Write
                0x000000000108a248                FLASH_ReadLDT
 .text          0x000000000108a2e8     0x2798 ./../../../build/tcc70xx/gcc/tcc70xx-freertos-debug/obj/eth.o
                0x000000000108a3bc                ETH_PrintPkt
                0x000000000108abf0                ETH_UpdateLink
                0x000000000108aedc                ETH_GetLinkStatus
                0x000000000108af00                ETH_Rx
                0x000000000108b420                ETH_SetMacAddress
                0x000000000108bf34                ETH_Send
                0x000000000108bf78                ETH_Recv
                0x000000000108c0cc                ETH_SetRecvBuff
                0x000000000108c1a8                ETH_RegisterTask
                0x000000000108c1d8                ETH_CreateRecvTask
                0x000000000108c350                ETH_SetRecvCallback
                0x000000000108c380                ETH_Prepare
                0x000000000108c448                ETH_Init
                0x000000000108c460                ETH_CornerSample_Test
 .text          0x000000000108ca80     0x120c ./../../../build/tcc70xx/gcc/tcc70xx-freertos-debug/obj/eth_mii.o
                0x000000000108cec8                PHY_Read
                0x000000000108cf44                PHY_Write
                0x000000000108d254                PHY_SetMasterSlave
                0x000000000108d2f0                PHY_GetMasterSlave
                0x000000000108d344                PHY_ReadStatus
                0x000000000108d4c4                PHY_Init
                0x000000000108d8a8                PHY_InitLoopback
 .text          0x000000000108dc8c     0x1788 ./../../../build/tcc70xx/gcc/tcc70xx-freertos-debug/obj/fmu.o
                0x000000000108eefc                FMU_Init
                0x000000000108ef84                FMU_IsrHandler
                0x000000000108f08c                FMU_Set
                0x000000000108f388                FMU_IsrClr
                0x000000000108f3e0                FMU_Deinit
 .text          0x000000000108f414     0x1470 ./../../../build/tcc70xx/gcc/tcc70xx-freertos-debug/obj/gdma.o
                0x000000000108f414                GDMA_InterruptEnable
                0x000000000108f510                GDMA_InterruptDisable
                0x000000000108f60c                GDMA_SetAddrIncrement
                0x000000000108f704                GDMA_SetTransferWidth
                0x000000000108f7fc                GDMA_SetBurstSize
                0x000000000108f8f4                GDMA_SetTransferSize
                0x000000000108f9cc                GDMA_SetFlowControl
                0x000000000108faa4                GDMA_Reset
                0x000000000108fb10                GDMA_SetPeri
                0x000000000108fbd0                GDMA_GetTransferSize
                0x000000000108fe70                GDMA_ChannelEnable
                0x000000000108ff38                GDMA_WaitInterrupt
                0x0000000001090018                GDMA_ChannelDisable
                0x0000000001090194                GDMA_SetSrcAddr
                0x000000000109023c                GDMA_SetDestAddr
                0x00000000010902e4                GDMA_SetlliAddr
                0x000000000109038c                GDMA_TransferMem2Mem
                0x0000000001090654                GDMA_Init
 .text          0x0000000001090884      0xda8 ./../../../build/tcc70xx/gcc/tcc70xx-freertos-debug/obj/gic.o
                0x0000000001090b24                GIC_Init
                0x0000000001090c5c                GIC_IntSrcEn
                0x0000000001090d84                GIC_IntSrcDis
                0x0000000001090eac                GIC_IntPrioSet
                0x0000000001090f3c                GIC_IntVectSet
                0x0000000001091160                GIC_IntHandlerWithParam
                0x0000000001091248                GIC_IntHandler
                0x0000000001091344                GIC_IntSGI
                0x00000000010913ec                GIC_SmIrqEn
                0x000000000109150c                GIC_SmIrqSetHigh
 .text          0x000000000109162c      0xff8 ./../../../build/tcc70xx/gcc/tcc70xx-freertos-debug/obj/gpio.o
                0x00000000010916b4                GPIO_Config
                0x0000000001091bb4                GPIO_Get
                0x0000000001091c38                GPIO_Set
                0x0000000001091d04                GPIO_ToNum
                0x0000000001091df4                GPIO_PerichSel
                0x0000000001092048                GPIO_MfioCfg
                0x00000000010924e0                GPIO_IntExtSet
 .text          0x0000000001092624     0x8938 ./../../../build/tcc70xx/gcc/tcc70xx-freertos-debug/obj/gpsb.o
                0x000000000109337c                GPSB_Reset
                0x00000000010943c4                GPSB_SetSpeed
                0x0000000001094694                GPSB_SetBpw
                0x00000000010949a0                GPSB_SetBpwNoSwap
                0x0000000001094bf0                GPSB_SetMode
                0x0000000001095164                GPSB_CsAlloc
                0x00000000010952ec                GPSB_CsInit
                0x00000000010953dc                GPSB_CsActivate
                0x0000000001095490                GPSB_CsDeactivate
                0x00000000010968f0                GPSB_AsyncXfer
                0x0000000001096dbc                GPSB_Xfer
                0x0000000001097584                GPSB_Open
                0x0000000001097d64                GPSB_Close
                0x000000000109959c                GPSB_SetLbCfg
                0x0000000001099714                GPSB_ClearLbCfg
                0x0000000001099d40                GPSB_Init
                0x0000000001099ee8                GPSB_Deinit
                0x0000000001099f48                GPSB_SafetyEnableLock
                0x000000000109a060                GPSB_SafetyDisableLock
                0x000000000109a178                GPSB_SafetyEnableLoopback
                0x000000000109a2e4                GPSB_SafetyDisableLoopback
                0x000000000109a3fc                GPSB_SafetyEnableMonitor
                0x000000000109a624                GPSB_SafetyDisableMonitor
                0x000000000109a6f0                GPSB_SafetyGetStatus
                0x000000000109a8c4                GPSB_FillSlaveTXData
                0x000000000109aae0                GPSB_SetSlaveDMAMode
                0x000000000109adec                GPSB_GetSlaveRXData
                0x000000000109ae28                GPSB_GetStatus
                0x000000000109ae68                GPSB_ClearDMABuffer
 .text          0x000000000109af5c        0x0 ./../../../build/tcc70xx/gcc/tcc70xx-freertos-debug/obj/gpsb_reg.o
 .text          0x000000000109af5c      0xe2c ./../../../build/tcc70xx/gcc/tcc70xx-freertos-debug/obj/ICM_20948.o
                0x000000000109af5c                ICM_20948_SelectBank
                0x000000000109b008                ICM_20948_Write
                0x000000000109b0c0                ICM_20948_Read
                0x000000000109b174                ICM_20948_ReadMultiple
                0x000000000109b310                ICM_20948_Init
                0x000000000109b854                IMU_Read_Data_Polling
                0x000000000109ba48                IMU_Read_Data_DMA
                0x000000000109bc1c                IMU_Callback
 .text          0x000000000109bd88     0x167c ./../../../build/tcc70xx/gcc/tcc70xx-freertos-debug/obj/ADXL345.o
                0x000000000109c164                ADXL345_Test_Init
                0x000000000109c2bc                ADXL345_Test_ReadID
                0x000000000109c368                ADXL345_ReadReg
                0x000000000109c458                ADXL345_ReadRegsBurst
                0x000000000109c52c                ADXL345_WriteReg
                0x000000000109c63c                ADXL345_ReadAccel
                0x000000000109c8b0                ADXL345_ReadRaw
                0x000000000109cadc                ADXL345_GetCalibration
                0x000000000109cb60                ADXL345_SetCalibration
                0x000000000109cbe4                ADXL345_ReadAccelCalibrated
                0x000000000109cf2c                ADXL_MuxSelectByDev
                0x000000000109cf7c                ADXL345_QuickCalibrateAll
 .text          0x000000000109d404     0x52e4 ./../../../build/tcc70xx/gcc/tcc70xx-freertos-debug/obj/i2c.o
                0x000000000109da98                I2C_ScanSlave
                0x000000000109f874                I2C_Xfer
                0x000000000109fb58                I2C_XferCmd
                0x00000000010a1d90                I2C_Open
                0x00000000010a21d0                I2C_Close
                0x00000000010a25a0                I2C_Init
                0x00000000010a26a8                I2C_Deinit
 .text          0x00000000010a26e8        0x0 ./../../../build/tcc70xx/gcc/tcc70xx-freertos-debug/obj/i2c_reg.o
 .text          0x00000000010a26e8     0x2704 ./../../../build/tcc70xx/gcc/tcc70xx-freertos-debug/obj/i2s.o
                0x00000000010a2754                I2S_SetGpiofunction
                0x00000000010a2a68                I2S_SetClock
                0x00000000010a3044                I2S_GetTransferSize
                0x00000000010a31a0                I2S_SetTransferSize
                0x00000000010a33a0                I2S_TxAdmaSetting
                0x00000000010a3588                I2S_SetTASMode
                0x00000000010a35b4                I2S_SetAICMode
                0x00000000010a35e0                I2S_TASClear
                0x00000000010a3620                I2S_SetTASRxFifoThreshold
                0x00000000010a365c                I2S_SetTASTxFifoThreshold
                0x00000000010a3698                I2S_HopClear
                0x00000000010a36d8                I2S_FifoClear
                0x00000000010a374c                I2S_DmaReset
                0x00000000010a37b4                I2S_SWReset
                0x00000000010a3820                I2S_DaifSetting
                0x00000000010a3af8                I2S_DAMREnable
                0x00000000010a3b24                I2S_DAMRDisable
                0x00000000010a3b50                I2S_DAIEnable
                0x00000000010a3bbc                I2S_DAIDisable
                0x00000000010a3c28                I2S_DMAInit
                0x00000000010a3d70                I2S_DMAEnable
                0x00000000010a3ddc                I2S_DMADisable
                0x00000000010a3e48                I2S_Irq_Enable
                0x00000000010a3eb4                I2S_Irq_Disable
                0x00000000010a3f20                I2S_ErrCheck_Enable
                0x00000000010a3f60                I2S_ErrCheck_Disable
                0x00000000010a3f9c                I2S_ErrCheck_Clear
                0x00000000010a3fdc                I2S_ErrCheck_GetStatus
                0x00000000010a4008                I2S_Enable
                0x00000000010a404c                I2S_Disable
                0x00000000010a4094                I2S_GetTxDMAStatus
                0x00000000010a40c0                I2S_SetTxDaSar
                0x00000000010a40f0                I2S_SetTxDaSarL
                0x00000000010a4120                I2S_GetTxDaCsar
                0x00000000010a4144                I2S_GetTxDaCsarL
                0x00000000010a4168                I2S_Irq
                0x00000000010a4250                I2S_UpdateStatus
                0x00000000010a4850                I2S_GetAvailable
                0x00000000010a4978                I2S_PcmWrite
                0x00000000010a4b4c                I2S_PcmRead
                0x00000000010a4d1c                I2S_RepeatMode
 .text          0x00000000010a4dec     0x1fe4 ./../../../build/tcc70xx/gcc/tcc70xx-freertos-debug/obj/ictc.o
                0x00000000010a4dec                ICTC_GetIsrResult
                0x00000000010a4e44                ICTC_ClearIsrResult
                0x00000000010a517c                ICTC_Init
                0x00000000010a5450                ICTC_Deinit
                0x00000000010a54f0                ICTC_GetPrePeriodCnt
                0x00000000010a5624                ICTC_GetPreDutyCnt
                0x00000000010a5758                ICTC_GetCurEdgeCnt
                0x00000000010a588c                ICTC_GetPrvEdgeCnt
                0x00000000010a59c0                ICTC_GetREdgeTstmpCnt
                0x00000000010a5bf0                ICTC_GetFEdgeTstmpCnt
                0x00000000010a5f18                ICTC_EnableCapture
                0x00000000010a6030                ICTC_DisableCapture
                0x00000000010a6154                ICTC_SetOpEnCtrlCounter
                0x00000000010a6210                ICTC_SetOpModeCtrlReg
                0x00000000010a6764                ICTC_SetIRQCtrlReg
                0x00000000010a6a54                ICTC_SetCallBackFunc
                0x00000000010a6afc                ICTC_SetTimeoutValue
                0x00000000010a6b84                ICTC_SetEdgeMatchingValue
                0x00000000010a6cdc                ICTC_SetCompareRoundValue
 .text          0x00000000010a6dd0      0x508 ./../../../build/tcc70xx/gcc/tcc70xx-freertos-debug/obj/mbox.o
                0x00000000010a6dd0                MBOX_Init
                0x00000000010a6e2c                MBOX_DevSendSss
                0x00000000010a70c0                MBOX_DevRecvSss
                0x00000000010a729c                MBOX_Flush
 .text          0x00000000010a72d8      0x884 ./../../../build/tcc70xx/gcc/tcc70xx-freertos-debug/obj/midf.o
                0x00000000010a72d8                MIDF_FilterInitialize
                0x00000000010a7574                MIDF_RegisterFilterRegion
                0x00000000010a78b8                MIDF_UnregisterFilterRegion
 .text          0x00000000010a7b5c      0x420 ./../../../build/tcc70xx/gcc/tcc70xx-freertos-debug/obj/mpu.o
                0x00000000010a7cac                MPU_Init
                0x00000000010a7f24                MPU_GetDMABaseAddress
                0x00000000010a7f50                MPU_GetCANBaseAddress
 .text          0x00000000010a7f7c       0x68 ./../../../build/tcc70xx/gcc/tcc70xx-freertos-debug/obj/preload.o
                0x00000000010a7f7c                PRELOAD_loadOnRam
 .text          0x00000000010a7fe4     0x34f4 ./../../../build/tcc70xx/gcc/tcc70xx-freertos-debug/obj/pdm.o
                0x00000000010aa5a8                PDM_CfgSetWrPw
                0x00000000010aa5e8                PDM_CfgSetWrLock
                0x00000000010aa628                PDM_EnableClock
                0x00000000010aa7a8                PDM_DisableClock
                0x00000000010aa7d0                PDM_Init
                0x00000000010aacfc                PDM_Deinit
                0x00000000010aad4c                PDM_Enable
                0x00000000010aafa4                PDM_Disable
                0x00000000010ab18c                PDM_GetChannelStatus
                0x00000000010ab294                PDM_SetConfig
 .text          0x00000000010ab4d8     0x19f4 ./../../../build/tcc70xx/gcc/tcc70xx-freertos-debug/obj/pmio_dev.o
                0x00000000010ac01c                PMIO_EarlyWakeUp
                0x00000000010ac074                PMIO_PowerDown
                0x00000000010ac240                PMIO_DebugPrintPowerStatus
                0x00000000010ac474                PMIO_Init
                0x00000000010ac6f4                PMIO_GetBootReason
                0x00000000010ac7f0                PMIO_SetGpk
                0x00000000010ac834                PMIO_SetNotiGpkIrq
 .text          0x00000000010acecc      0x674 ./../../../build/tcc70xx/gcc/tcc70xx-freertos-debug/obj/pmio_dev_extn_pw_ctl.o
                0x00000000010acfc8                PMIO_EXTN_Init
                0x00000000010ad31c                PMIO_EXTN_SetStr
                0x00000000010ad3f0                PMIO_EXTN_SetPower
                0x00000000010ad51c                PMIO_EXTN_GetUsingGpk32
 .text          0x00000000010ad540      0x914 ./../../../build/tcc70xx/gcc/tcc70xx-freertos-debug/obj/pmu.o
                0x00000000010ad9f0                PMU_Init
                0x00000000010adb1c                PMU_GetResetOccur
                0x00000000010adc34                PMU_EnableResetMonitor
                0x00000000010adc9c                PMU_DisableResetMonitor
                0x00000000010add04                PMU_ColdReset
                0x00000000010add40                PMU_WarmReset
                0x00000000010add7c                PMU_ClearPvtError
 .text          0x00000000010ade54      0xd18 ./../../../build/tcc70xx/gcc/tcc70xx-freertos-debug/obj/rtc_dev.o
                0x00000000010ae35c                RTC_Init
                0x00000000010ae3f8                RTC_SetTime
                0x00000000010ae534                RTC_GetTime
                0x00000000010ae678                RTC_SetAlarm
                0x00000000010ae9e0                RTC_EnableAlarm
                0x00000000010aeb3c                RTC_ClearAlarm
 .text          0x00000000010aeb6c     0xb964 ./../../../build/tcc70xx/gcc/tcc70xx-freertos-debug/obj/snor_mio.o
                0x00000000010b5b74                SNOR_MIO_Init
                0x00000000010b878c                SNOR_MIO_Erase
                0x00000000010b94f0                SNOR_MIO_Write
                0x00000000010b981c                SNOR_MIO_Read_Fast
                0x00000000010b98b0                SNOR_MIO_Read
                0x00000000010b9944                SNOR_MIO_FWDN_LowFormat
                0x00000000010b9978                SNOR_MIO_FWDN_Read
                0x00000000010b9af8                SNOR_MIO_FWDN_Write
                0x00000000010ba370                SNOR_MIO_AutoRun
 .text          0x00000000010ba4d0     0x2448 ./../../../build/tcc70xx/gcc/tcc70xx-freertos-debug/obj/spu.o
                0x00000000010ba7f0                SPU_Get_STS
                0x00000000010ba89c                SPU_Init
                0x00000000010bab58                SPU_DeInit
                0x00000000010bab90                SPU_Start_WG_Chain
                0x00000000010bad98                SPU_Stop_WG_Chain
                0x00000000010bae4c                SPU_Start_SSL_Chain
                0x00000000010bafd0                SPU_Stop_SSL_Chain
                0x00000000010bb098                SPU_Set_Volume_Controller
                0x00000000010bb26c                SPU_Set_Channel_Mute
 .text          0x00000000010bc918      0xb90 ./../../../build/tcc70xx/gcc/tcc70xx-freertos-debug/obj/ssm.o
                0x00000000010bcd10                SSM_EccEnable
                0x00000000010bcfc0                SSM_EccDisable
                0x00000000010bd2c0                SSM_SoftFaultCheckEnable
                0x00000000010bd3c4                SSM_SoftFautlCheckDisable
 .text          0x00000000010bd4a8     0x11bc ./../../../build/tcc70xx/gcc/tcc70xx-freertos-debug/obj/timer.o
                0x00000000010bd598                TIMER_InterruptClear
                0x00000000010bd610                TIMER_Enable
                0x00000000010bd65c                TIMER_EnableWithMode
                0x00000000010bd6e4                TIMER_EnableWithCfg
                0x00000000010be314                TIMER_Disable
                0x00000000010be4d8                TIMER_Init
 .text          0x00000000010be664     0x4bb4 ./../../../build/tcc70xx/gcc/tcc70xx-freertos-debug/obj/uart.o
                0x00000000010be664                UART_Open
                0x00000000010be704                UART_Close
                0x00000000010be9a4                UART_Read
                0x00000000010beb6c                UART_Write
                0x00000000010bed0c                UART_GetData
                0x00000000010bee78                UART_GetChar
                0x00000000010bf024                UART_PutChar
                0x00000000010bf13c                UART_SetLineControlReg
                0x00000000010bf1c4                UART_SetInterruptClearReg
                0x00000000010bf1fc                UART_SetErrorClearReg
                0x00000000010bf234                UART_GetReceiveStatusReg
                0x00000000010bf26c                UART_GetRawInterruptStatusReg
                0x00000000010bf2a4                UART_Init
                0x00000000010bf388                UART_ISR
 .text          0x00000000010c3218      0x670 ./../../../build/tcc70xx/gcc/tcc70xx-freertos-debug/obj/wdt.o
                0x00000000010c34cc                WDT_KickPing
                0x00000000010c34ec                WDT_ResetSystem
                0x00000000010c3570                WDT_Stop
                0x00000000010c35f4                WDT_SmMode
                0x00000000010c377c                WDT_Init
 .text          0x00000000010c3888      0x670 ./../../../build/tcc70xx/gcc/tcc70xx-freertos-debug/obj/wdt_pmu.o
                0x00000000010c3b3c                WDTPMU_KickPing
                0x00000000010c3b5c                WDTPMU_ResetSystem
                0x00000000010c3be0                WDTPMU_Stop
                0x00000000010c3c64                WDTPMU_SmMode
                0x00000000010c3dec                WDTPMU_Init
 .text          0x00000000010c3ef8     0x3668 ./../../../build/tcc70xx/gcc/tcc70xx-freertos-debug/obj/tasks.o
                0x00000000010c3ef8                xTaskCreateStatic
                0x00000000010c3fe0                xTaskCreate
                0x00000000010c443c                vTaskDelete
                0x00000000010c4590                vTaskDelayUntil
                0x00000000010c46d0                vTaskDelay
                0x00000000010c4740                eTaskGetState
                0x00000000010c488c                uxTaskPriorityGet
                0x00000000010c48e4                uxTaskPriorityGetFromISR
                0x00000000010c4948                vTaskPrioritySet
                0x00000000010c4b60                vTaskSuspend
                0x00000000010c4d40                vTaskResume
                0x00000000010c4e50                xTaskResumeFromISR
                0x00000000010c4f88                vTaskStartScheduler
                0x00000000010c50a4                vTaskEndScheduler
                0x00000000010c50cc                vTaskSuspendAll
                0x00000000010c5104                xTaskResumeAll
                0x00000000010c530c                xTaskGetTickCount
                0x00000000010c5340                xTaskGetTickCountFromISR
                0x00000000010c5380                uxTaskGetNumberOfTasks
                0x00000000010c53a4                pcTaskGetName
                0x00000000010c55b0                xTaskGetHandle
                0x00000000010c56e4                xTaskCatchUpTicks
                0x00000000010c5750                xTaskAbortDelay
                0x00000000010c5894                xTaskIncrementTick
                0x00000000010c5b3c                vTaskSwitchContext
                0x00000000010c5d18                vTaskPlaceOnEventList
                0x00000000010c5d70                vTaskPlaceOnUnorderedEventList
                0x00000000010c5dfc                vTaskPlaceOnEventListRestricted
                0x00000000010c5e6c                xTaskRemoveFromEventList
                0x00000000010c5fa8                vTaskRemoveFromUnorderedEventList
                0x00000000010c60bc                vTaskSetTimeOutState
                0x00000000010c6118                vTaskInternalSetTimeOutState
                0x00000000010c6160                xTaskCheckForTimeOut
                0x00000000010c62b4                vTaskMissedYield
                0x00000000010c655c                xTaskGetCurrentTaskHandle
                0x00000000010c658c                xTaskGetSchedulerState
                0x00000000010c65f4                xTaskPriorityInherit
                0x00000000010c6790                xTaskPriorityDisinherit
                0x00000000010c68dc                vTaskPriorityDisinheritAfterTimeout
                0x00000000010c6a7c                uxTaskResetEventItemValue
                0x00000000010c6ad4                pvTaskIncrementMutexHeldCount
                0x00000000010c6b24                ulTaskNotifyTake
                0x00000000010c6c10                xTaskNotifyWait
                0x00000000010c6d40                xTaskGenericNotify
                0x00000000010c6f38                xTaskGenericNotifyFromISR
                0x00000000010c7190                vTaskNotifyGiveFromISR
                0x00000000010c7318                xTaskNotifyStateClear
                0x00000000010c7398                ulTaskNotifyValueClear
 .text          0x00000000010c7560      0x294 ./../../../build/tcc70xx/gcc/tcc70xx-freertos-debug/obj/list.o
                0x00000000010c7560                vListInitialise
                0x00000000010c75c8                vListInitialiseItem
                0x00000000010c75f4                vListInsertEnd
                0x00000000010c767c                vListInsert
                0x00000000010c7754                uxListRemove
 .text          0x00000000010c77f4     0x2278 ./../../../build/tcc70xx/gcc/tcc70xx-freertos-debug/obj/queue.o
                0x00000000010c77f4                xQueueGenericReset
                0x00000000010c7920                xQueueGenericCreateStatic
                0x00000000010c7a28                xQueueGenericCreate
                0x00000000010c7bb4                xQueueCreateMutex
                0x00000000010c7c08                xQueueCreateMutexStatic
                0x00000000010c7c68                xQueueGetMutexHolder
                0x00000000010c7cc0                xQueueGetMutexHolderFromISR
                0x00000000010c7d1c                xQueueGiveMutexRecursive
                0x00000000010c7db8                xQueueTakeMutexRecursive
                0x00000000010c7e5c                xQueueCreateCountingSemaphoreStatic
                0x00000000010c7ee0                xQueueCreateCountingSemaphore
                0x00000000010c7f54                xQueueGenericSend
                0x00000000010c8228                xQueueGenericSendFromISR
                0x00000000010c840c                xQueueGiveFromISR
                0x00000000010c85a4                xQueueReceive
                0x00000000010c87ec                xQueueSemaphoreTake
                0x00000000010c8a9c                xQueuePeek
                0x00000000010c8cec                xQueueReceiveFromISR
                0x00000000010c8e34                xQueuePeekFromISR
                0x00000000010c8f14                uxQueueMessagesWaiting
                0x00000000010c8f58                uxQueueSpacesAvailable
                0x00000000010c8fb0                uxQueueMessagesWaitingFromISR
                0x00000000010c8ff8                vQueueDelete
                0x00000000010c944c                xQueueIsQueueEmptyFromISR
                0x00000000010c9500                xQueueIsQueueFullFromISR
                0x00000000010c9568                vQueueAddToRegistry
                0x00000000010c95fc                pcQueueGetName
                0x00000000010c9688                vQueueUnregisterQueue
                0x00000000010c9724                vQueueWaitForMessageRestricted
                0x00000000010c97c8                xQueueCreateSet
                0x00000000010c97fc                xQueueAddToSet
                0x00000000010c9874                xQueueRemoveFromSet
                0x00000000010c98f8                xQueueSelectFromSet
                0x00000000010c9938                xQueueSelectFromSetFromISR
 .text          0x00000000010c9a6c      0x8e4 ./../../../build/tcc70xx/gcc/tcc70xx-freertos-debug/obj/event_groups.o
                0x00000000010c9a6c                xEventGroupCreateStatic
                0x00000000010c9af0                xEventGroupCreate
                0x00000000010c9b4c                xEventGroupSync
                0x00000000010c9d34                xEventGroupWaitBits
                0x00000000010c9f6c                xEventGroupClearBits
                0x00000000010c9fec                xEventGroupGetBitsFromISR
                0x00000000010ca030                xEventGroupSetBits
                0x00000000010ca1e4                vEventGroupDelete
                0x00000000010ca278                vEventGroupSetBitsCallback
                0x00000000010ca2a4                vEventGroupClearBitsCallback
 .text          0x00000000010ca350      0xfe0 ./../../../build/tcc70xx/gcc/tcc70xx-freertos-debug/obj/timers.o
                0x00000000010ca350                xTimerCreateTimerTask
                0x00000000010ca424                xTimerCreate
                0x00000000010ca498                xTimerCreateStatic
                0x00000000010ca5e0                xTimerGenericCommand
                0x00000000010ca6d4                xTimerGetTimerDaemonTaskHandle
                0x00000000010ca710                xTimerGetPeriod
                0x00000000010ca750                vTimerSetReloadMode
                0x00000000010ca7d0                uxTimerGetReloadMode
                0x00000000010ca838                xTimerGetExpiryTime
                0x00000000010ca880                pcTimerGetName
                0x00000000010cb140                xTimerIsTimerActive
                0x00000000010cb1a8                pvTimerGetTimerID
                0x00000000010cb1f4                vTimerSetTimerID
                0x00000000010cb240                xTimerPendFunctionCallFromISR
                0x00000000010cb2ac                xTimerPendFunctionCall
 .text          0x00000000010cb330     0x126c ./../../../build/tcc70xx/gcc/tcc70xx-freertos-debug/obj/stream_buffer.o
                0x00000000010cb330                xStreamBufferGenericCreate
                0x00000000010cb408                xStreamBufferGenericCreateStatic
                0x00000000010cb52c                vStreamBufferDelete
                0x00000000010cb590                xStreamBufferReset
                0x00000000010cb630                xStreamBufferSetTriggerLevel
                0x00000000010cb6b8                xStreamBufferSpacesAvailable
                0x00000000010cb754                xStreamBufferBytesAvailable
                0x00000000010cb798                xStreamBufferSend
                0x00000000010cb980                xStreamBufferSendFromISR
                0x00000000010cbb80                xStreamBufferReceive
                0x00000000010cbd24                xStreamBufferNextMessageLengthBytes
                0x00000000010cbde4                xStreamBufferReceiveFromISR
                0x00000000010cbfb4                xStreamBufferIsEmpty
                0x00000000010cc024                xStreamBufferIsFull
                0x00000000010cc0b0                xStreamBufferSendCompletedFromISR
                0x00000000010cc14c                xStreamBufferReceiveCompletedFromISR
 .text          0x00000000010cc59c      0x8cc ./../../../build/tcc70xx/gcc/tcc70xx-freertos-debug/obj/port.o
                0x00000000010cc59c                pxPortInitialiseStack
                0x00000000010cc830                xPortStartScheduler
                0x00000000010cc974                vPortEndScheduler
                0x00000000010cc9a4                vPortEnterCritical
                0x00000000010cca00                vPortExitCritical
                0x00000000010cca8c                FreeRTOS_Tick_Handler
                0x00000000010ccb20                vPortTaskUsesFPU
                0x00000000010ccb5c                vPortClearInterruptMask
                0x00000000010ccbb8                ulPortSetInterruptMask
                0x00000000010ccc30                vPortValidateInterruptPriority
                0x00000000010ccc64                vApplicationGetIdleTaskMemory
                0x00000000010cccb8                vInitialiseTimerForRunTimeStats
                0x00000000010cccd0                vApplicationStackOverflowHook
                0x00000000010cccf4                vApplicationGetTimerTaskMemory
                0x00000000010ccd48                vConfigureTickInterrupt
                0x00000000010ccdd0                vClearTickInterrupt
                0x00000000010ccde8                vApplicationFPUSafeIRQHandler
                0x00000000010cce0c                xPortGetInterruptNestingCount
                0x00000000010cce30                heap_init
 .text          0x00000000010cce68      0x8ec ./../../../build/tcc70xx/gcc/tcc70xx-freertos-debug/obj/heap_5.o
                0x00000000010cce68                pvPortMalloc
                0x00000000010cd0c0                vPortFree
                0x00000000010cd1e8                xPortGetFreeHeapSize
                0x00000000010cd20c                xPortGetMinimumEverFreeHeapSize
                0x00000000010cd388                vPortDefineHeapRegions
                0x00000000010cd600                vPortGetHeapStats
 .text          0x00000000010cd754      0xd10 ./../../../build/tcc70xx/gcc/tcc70xx-freertos-debug/obj/FreeRTOS_ARP.o
                0x00000000010cd754                eARPProcessPacket
                0x00000000010cd99c                vARPRefreshCacheEntry
                0x00000000010cdd90                eARPGetCacheEntry
                0x00000000010ce028                vARPAgeCache
                0x00000000010ce264                vARPSendGratuitous
                0x00000000010ce28c                FreeRTOS_OutputARPRequest
                0x00000000010ce32c                vARPGenerateRequestPacket
                0x00000000010ce440                FreeRTOS_ClearARP
 .text          0x00000000010ce464        0x0 ./../../../build/tcc70xx/gcc/tcc70xx-freertos-debug/obj/FreeRTOS_DHCP.o
 .text          0x00000000010ce464     0x2084 ./../../../build/tcc70xx/gcc/tcc70xx-freertos-debug/obj/FreeRTOS_DNS.o
                0x00000000010ce4b0                FreeRTOS_dnsclear
                0x00000000010ce4d4                FreeRTOS_dnslookup
                0x00000000010ce510                FreeRTOS_gethostbyname
                0x00000000010ced3c                ulDNSHandlePacket
                0x00000000010ceda8                ulNBNSHandlePacket
 .text          0x00000000010d04e8     0x2288 ./../../../build/tcc70xx/gcc/tcc70xx-freertos-debug/obj/FreeRTOS_IP.o
                0x00000000010d0710                xIsCallingFromIPTask
                0x00000000010d0a50                FreeRTOS_NetworkDown
                0x00000000010d0ab0                FreeRTOS_NetworkDownFromISR
                0x00000000010d0b24                FreeRTOS_GetUDPPayloadBuffer
                0x00000000010d0bb0                pxDuplicateNetworkBufferWithDescriptor
                0x00000000010d0c4c                pxPacketBuffer_to_NetworkBuffer
                0x00000000010d0cc4                pxUDPPayloadBuffer_to_NetworkBuffer
                0x00000000010d0d3c                FreeRTOS_ReleaseUDPPayloadBuffer
                0x00000000010d0d6c                FreeRTOS_IPInit
                0x00000000010d10c8                FreeRTOS_GetAddressConfiguration
                0x00000000010d1174                FreeRTOS_SetAddressConfiguration
                0x00000000010d1220                xSendEventToIPTask
                0x00000000010d126c                xSendEventStructToIPTask
                0x00000000010d136c                eConsiderFrameForProcessing
                0x00000000010d14d8                vIPNetworkUpCalls
                0x00000000010d1e60                usGenerateProtocolChecksum
                0x00000000010d21e0                usGenerateChecksum
                0x00000000010d250c                vReturnEthernetFrame
                0x00000000010d25b8                FreeRTOS_GetIPAddress
                0x00000000010d25dc                FreeRTOS_SetIPAddress
                0x00000000010d260c                FreeRTOS_GetGatewayAddress
                0x00000000010d2630                FreeRTOS_GetDNSServerAddress
                0x00000000010d2654                FreeRTOS_GetNetmask
                0x00000000010d2678                FreeRTOS_UpdateMACAddress
                0x00000000010d26a8                FreeRTOS_GetMACAddress
                0x00000000010d26c8                FreeRTOS_SetNetmask
                0x00000000010d26f8                FreeRTOS_SetGatewayAddress
                0x00000000010d2728                xIPIsNetworkTaskReady
                0x00000000010d274c                FreeRTOS_IsNetworkUp
 .text          0x00000000010d2770     0x3d30 ./../../../build/tcc70xx/gcc/tcc70xx-freertos-debug/obj/FreeRTOS_Sockets.o
                0x00000000010d2bb0                vNetworkSocketsInit
                0x00000000010d2d04                FreeRTOS_socket
                0x00000000010d2ef0                FreeRTOS_CreateSocketSet
                0x00000000010d2f64                FreeRTOS_DeleteSocketSet
                0x00000000010d2fa0                FreeRTOS_FD_SET
                0x00000000010d3044                FreeRTOS_FD_CLR
                0x00000000010d30e4                FreeRTOS_FD_ISSET
                0x00000000010d3164                FreeRTOS_select
                0x00000000010d32e0                FreeRTOS_recvfrom
                0x00000000010d3534                FreeRTOS_sendto
                0x00000000010d3738                FreeRTOS_bind
                0x00000000010d3888                vSocketBind
                0x00000000010d3a40                FreeRTOS_closesocket
                0x00000000010d3ac4                vSocketClose
                0x00000000010d3cd0                FreeRTOS_setsockopt
                0x00000000010d444c                pxUDPSocketLookup
                0x00000000010d44b0                FreeRTOS_inet_addr
                0x00000000010d4674                FreeRTOS_GetLocalAddress
                0x00000000010d46f0                vSocketWakeUpUser
                0x00000000010d49ac                FreeRTOS_connect
                0x00000000010d4ac8                FreeRTOS_accept
                0x00000000010d4d8c                FreeRTOS_recv
                0x00000000010d517c                FreeRTOS_get_tx_head
                0x00000000010d5250                FreeRTOS_send
                0x00000000010d54e8                FreeRTOS_listen
                0x00000000010d5648                FreeRTOS_shutdown
                0x00000000010d56e4                xTCPTimerCheck
                0x00000000010d5874                pxTCPSocketLookup
                0x00000000010d5978                FreeRTOS_get_rx_buf
                0x00000000010d5b44                lTCPAddRxdata
                0x00000000010d5c84                FreeRTOS_GetRemoteAddress
                0x00000000010d5d5c                FreeRTOS_maywrite
                0x00000000010d5e20                FreeRTOS_tx_space
                0x00000000010d5e9c                FreeRTOS_tx_size
                0x00000000010d5f14                FreeRTOS_issocketconnected
                0x00000000010d5f8c                FreeRTOS_mss
                0x00000000010d5fe0                FreeRTOS_connstatus
                0x00000000010d6034                FreeRTOS_rx_size
                0x00000000010d60ac                FreeRTOS_netstat
                0x00000000010d60e4                vSocketSelect
 .text          0x00000000010d64a0      0x5f4 ./../../../build/tcc70xx/gcc/tcc70xx-freertos-debug/obj/FreeRTOS_Stream_Buffer.o
                0x00000000010d6710                uxStreamBufferAdd
                0x00000000010d68e4                uxStreamBufferGet
 .text          0x00000000010d6a94     0x5054 ./../../../build/tcc70xx/gcc/tcc70xx-freertos-debug/obj/FreeRTOS_TCP_IP.o
                0x00000000010d6fa0                xTCPSocketCheck
                0x00000000010d89f4                vTCPStateChange
                0x00000000010dace8                xProcessReceivedTCPPacket
                0x00000000010db9f4                xTCPCheckNewClient
 .text          0x00000000010dbae8     0x1bc8 ./../../../build/tcc70xx/gcc/tcc70xx-freertos-debug/obj/FreeRTOS_TCP_WIN.o
                0x00000000010dbce4                vListInsertGeneric
                0x00000000010dc054                xTCPWindowRxEmpty
                0x00000000010dc218                vTCPWindowDestroy
                0x00000000010dc2d0                vTCPWindowCreate
                0x00000000010dc38c                vTCPWindowInit
                0x00000000010dc4cc                vTCPSegmentCleanup
                0x00000000010dc630                lTCPWindowRxCheck
                0x00000000010dc990                lTCPWindowTxAdd
                0x00000000010dcc28                xTCPWindowTxDone
                0x00000000010dcd70                xTCPWindowTxHasData
                0x00000000010dced4                ulTCPWindowTxGet
                0x00000000010dd5cc                ulTCPWindowTxAck
                0x00000000010dd634                ulTCPWindowTxSack
 .text          0x00000000010dd6b0      0x6ec ./../../../build/tcc70xx/gcc/tcc70xx-freertos-debug/obj/FreeRTOS_UDP_IP.o
                0x00000000010dd6b0                vProcessGeneratedUDPPacket
                0x00000000010ddb38                xProcessReceivedUDPPacket
 .text          0x00000000010ddd9c      0x1a4 ./../../../build/tcc70xx/gcc/tcc70xx-freertos-debug/obj/FreeRTOS_Port.o
                0x00000000010ddd9c                uxRand
                0x00000000010dde38                pcApplicationHostnameHook
                0x00000000010dde58                xApplicationDNSQueryHook
                0x00000000010dded4                ulApplicationGetNextSequenceNumber
                0x00000000010ddf10                xApplicationGetRandomNumber
 .text          0x00000000010ddf40      0x518 ./../../../build/tcc70xx/gcc/tcc70xx-freertos-debug/obj/BufferAllocation_1.o
                0x00000000010ddf7c                xNetworkBuffersInitialise
                0x00000000010de108                pxGetNetworkBufferWithDescriptor
                0x00000000010de230                pxNetworkBufferGetFromISR
                0x00000000010de2d0                vNetworkBufferReleaseFromISR
                0x00000000010de338                vReleaseNetworkBufferAndDescriptor
                0x00000000010de3e8                uxGetMinimumFreeNetworkBuffers
                0x00000000010de40c                uxGetNumberOfFreeNetworkBuffers
                0x00000000010de430                pxResizeNetworkBufferWithDescriptor
 .text          0x00000000010de458      0x39c ./../../../build/tcc70xx/gcc/tcc70xx-freertos-debug/obj/NetworkInterface.o
                0x00000000010de4b0                xNetworkInterfaceInitialise
                0x00000000010de590                xNetworkInterfaceOutput
                0x00000000010de5e4                vNetworkInterfaceAllocateRAMToBuffers
                0x00000000010de6b8                xGetPhyLinkStatus
 .text          0x00000000010de7f4      0x7f4 ./../../../build/tcc70xx/gcc/tcc70xx-freertos-debug/obj/sal_api.o
                0x00000000010de7f4                SAL_RegisterFunction
 .text          0x00000000010defe8     0x274c ./../../../build/tcc70xx/gcc/tcc70xx-freertos-debug/obj/sal_freertos_impl.o
                0x00000000010e12d8                SAL_Init
 .text          0x00000000010e1734        0x0 ./../../../build/tcc70xx/gcc/tcc70xx-freertos-debug/obj/vector.o
 .text          0x00000000010e1734       0x60 ./../../../build/tcc70xx/gcc/tcc70xx-freertos-debug/obj/vfp_init.o
                0x00000000010e1734                vfp_init
 .text          0x00000000010e1794        0xc ./../../../build/tcc70xx/gcc/tcc70xx-freertos-debug/obj/arm_a.o
                0x00000000010e1794                ARM_DSB
 .text          0x00000000010e17a0      0x2b8 ./../../../build/tcc70xx/gcc/tcc70xx-freertos-debug/obj/portASM.o
                0x00000000010e17a0                FreeRTOS_SWI_Handler
                0x00000000010e1840                vPortRestoreTaskContext
                0x00000000010e18a0                FreeRTOS_IRQ_Handler
                0x00000000010e1a00                vApplicationIRQHandler
 .text          0x00000000010e1a58       0xb8 ./../../../build/tcc70xx/gcc/tcc70xx-freertos-debug/obj/freertos.o
                0x00000000010e1a58                FreeRTOS_ARM_ExceptUndefInstrHndlr
                0x00000000010e1a6c                FreeRTOS_ARM_ExceptSwiHndlr
                0x00000000010e1a70                FreeRTOS_ARM_ExceptPrefetchAbortHndlr
                0x00000000010e1a88                FreeRTOS_ARM_ExceptDataAbortHndlr
                0x00000000010e1ab8                FreeRTOS_ARM_ExceptIrqHndlr
                0x00000000010e1abc                FreeRTOS_ARM_ExceptFiqHndlr
                0x00000000010e1ad4                FreeRTOS_ARM_DRegCntGet
                0x00000000010e1adc                CPU_WaitForEvent
                0x00000000010e1ae8                CPU_DSB
                0x00000000010e1af4                CPU_SR_Save
                0x00000000010e1b04                CPU_SR_Restore
 .text          0x00000000010e1b10       0x18 ./../../../build/tcc70xx/gcc/tcc70xx-freertos-debug/obj/sal.o
                0x00000000010e1b10                ARM_ExceptUndefInstrHndlr
                0x00000000010e1b14                ARM_ExceptSwiHndlr
                0x00000000010e1b18                ARM_ExceptPrefetchAbortHndlr
                0x00000000010e1b1c                ARM_ExceptDataAbortHndlr
                0x00000000010e1b20                ARM_ExceptIrqHndlr
                0x00000000010e1b24                ARM_ExceptFiqHndlr
 .text          0x00000000010e1b28       0x30 /opt/gcc-linaro-7.2.1-2017.11-x86_64_arm-eabi/arm-eabi/libc/usr/lib/libc.a(lib_a-atoi.o)
                0x00000000010e1b28                atoi
                0x00000000010e1b40                _atoi_r
 .text          0x00000000010e1b58      0x104 /opt/gcc-linaro-7.2.1-2017.11-x86_64_arm-eabi/arm-eabi/libc/usr/lib/libc.a(lib_a-memcmp.o)
                0x00000000010e1b58                memcmp
 .text          0x00000000010e1c5c      0x110 /opt/gcc-linaro-7.2.1-2017.11-x86_64_arm-eabi/arm-eabi/libc/usr/lib/libc.a(lib_a-memcpy-stub.o)
                0x00000000010e1c5c                memcpy
 .text          0x00000000010e1d6c      0x140 /opt/gcc-linaro-7.2.1-2017.11-x86_64_arm-eabi/arm-eabi/libc/usr/lib/libc.a(lib_a-memmove.o)
                0x00000000010e1d6c                memmove
 .text          0x00000000010e1eac      0x114 /opt/gcc-linaro-7.2.1-2017.11-x86_64_arm-eabi/arm-eabi/libc/usr/lib/libc.a(lib_a-memset.o)
                0x00000000010e1eac                memset
 .text          0x00000000010e1fc0      0x188 /opt/gcc-linaro-7.2.1-2017.11-x86_64_arm-eabi/arm-eabi/libc/usr/lib/libc.a(lib_a-snprintf.o)
                0x00000000010e1fc0                _snprintf_r
                0x00000000010e207c                snprintf
 .text          0x00000000010e2148       0xd0 /opt/gcc-linaro-7.2.1-2017.11-x86_64_arm-eabi/arm-eabi/libc/usr/lib/libc.a(lib_a-sprintf.o)
                0x00000000010e2148                _sprintf_r
                0x00000000010e21a8                sprintf
 .text          0x00000000010e2218      0x100 /opt/gcc-linaro-7.2.1-2017.11-x86_64_arm-eabi/arm-eabi/libc/usr/lib/libc.a(lib_a-sscanf.o)
                0x00000000010e2218                sscanf
                0x00000000010e2298                _sscanf_r
 .text          0x00000000010e2318       0xd8 /opt/gcc-linaro-7.2.1-2017.11-x86_64_arm-eabi/arm-eabi/libc/usr/lib/libc.a(lib_a-stdio.o)
                0x00000000010e2318                __sread
                0x00000000010e234c                __seofread
                0x00000000010e2354                __swrite
                0x00000000010e23ac                __sseek
                0x00000000010e23dc                __sclose
 .text          0x00000000010e23f0      0x224 /opt/gcc-linaro-7.2.1-2017.11-x86_64_arm-eabi/arm-eabi/libc/usr/lib/libc.a(lib_a-strcmp.o)
                0x00000000010e23f0                strcmp
 .text          0x00000000010e2614       0xf0 /opt/gcc-linaro-7.2.1-2017.11-x86_64_arm-eabi/arm-eabi/libc/usr/lib/libc.a(lib_a-strcpy.o)
                0x00000000010e2614                strcpy
 .text          0x00000000010e2704       0x60 /opt/gcc-linaro-7.2.1-2017.11-x86_64_arm-eabi/arm-eabi/libc/usr/lib/libc.a(lib_a-strlen-stub.o)
                0x00000000010e2704                strlen
 .text          0x00000000010e2764      0x100 /opt/gcc-linaro-7.2.1-2017.11-x86_64_arm-eabi/arm-eabi/libc/usr/lib/libc.a(lib_a-strncmp.o)
                0x00000000010e2764                strncmp
 .text          0x00000000010e2864       0xe0 /opt/gcc-linaro-7.2.1-2017.11-x86_64_arm-eabi/arm-eabi/libc/usr/lib/libc.a(lib_a-strncpy.o)
                0x00000000010e2864                strncpy
 .text          0x00000000010e2944       0x5c /opt/gcc-linaro-7.2.1-2017.11-x86_64_arm-eabi/arm-eabi/libc/usr/lib/libc.a(lib_a-strnlen.o)
                0x00000000010e2944                strnlen
 .text          0x00000000010e29a0      0x27c /opt/gcc-linaro-7.2.1-2017.11-x86_64_arm-eabi/arm-eabi/libc/usr/lib/libc.a(lib_a-strtol.o)
                0x00000000010e2b5c                _strtol_r
                0x00000000010e2b98                strtol_l
                0x00000000010e2bd0                strtol
 .text          0x00000000010e2c1c      0x28c /opt/gcc-linaro-7.2.1-2017.11-x86_64_arm-eabi/arm-eabi/libc/usr/lib/libc.a(lib_a-strtoul.o)
                0x00000000010e2de8                _strtoul_r
                0x00000000010e2e24                strtoul_l
                0x00000000010e2e5c                strtoul
 .text          0x00000000010e2ea8     0xb4c8 /opt/gcc-linaro-7.2.1-2017.11-x86_64_arm-eabi/arm-eabi/libc/usr/lib/libc.a(lib_a-svfprintf.o)
                0x00000000010ea1ac                _svfprintf_r
 .text          0x00000000010ee370     0x2818 /opt/gcc-linaro-7.2.1-2017.11-x86_64_arm-eabi/arm-eabi/libc/usr/lib/libc.a(lib_a-svfscanf.o)
                0x00000000010ee370                __ssvfscanf_r
 .text          0x00000000010f0b88      0x134 /opt/gcc-linaro-7.2.1-2017.11-x86_64_arm-eabi/arm-eabi/libc/usr/lib/libc.a(lib_a-wcrtomb.o)
                0x00000000010f0b88                _wcrtomb_r
                0x00000000010f0c20                wcrtomb
 .text          0x00000000010f0cbc       0x5c /opt/gcc-linaro-7.2.1-2017.11-x86_64_arm-eabi/arm-eabi/libc/usr/lib/libc.a(lib_a-wcsrtombs.o)
                0x00000000010f0cbc                _wcsrtombs_r
                0x00000000010f0ce0                wcsrtombs
 .text          0x00000000010f0d18       0x48 /opt/gcc-linaro-7.2.1-2017.11-x86_64_arm-eabi/arm-eabi/libc/usr/lib/libc.a(lib_a-writer.o)
                0x00000000010f0d18                _write_r
 .text          0x00000000010f0d60       0x3c /opt/gcc-linaro-7.2.1-2017.11-x86_64_arm-eabi/arm-eabi/libc/usr/lib/libc.a(lib_a-closer.o)
                0x00000000010f0d60                _close_r
 *fill*         0x00000000010f0d9c        0x4 
 .text          0x00000000010f0da0     0x17dc /opt/gcc-linaro-7.2.1-2017.11-x86_64_arm-eabi/arm-eabi/libc/usr/lib/libc.a(lib_a-dtoa.o)
                0x00000000010f0f88                _dtoa_r
 .text          0x00000000010f257c      0x3dc /opt/gcc-linaro-7.2.1-2017.11-x86_64_arm-eabi/arm-eabi/libc/usr/lib/libc.a(lib_a-freer.o)
                0x00000000010f257c                _malloc_trim_r
                0x00000000010f267c                _free_r
 .text          0x00000000010f2958        0x0 /opt/gcc-linaro-7.2.1-2017.11-x86_64_arm-eabi/arm-eabi/libc/usr/lib/libc.a(lib_a-impure.o)
 .text          0x00000000010f2958       0x78 /opt/gcc-linaro-7.2.1-2017.11-x86_64_arm-eabi/arm-eabi/libc/usr/lib/libc.a(lib_a-iswspace.o)
                0x00000000010f2958                iswspace
 .text          0x00000000010f29d0      0x2c8 /opt/gcc-linaro-7.2.1-2017.11-x86_64_arm-eabi/arm-eabi/libc/usr/lib/libc.a(lib_a-jp2uc.o)
                0x00000000010f2bc4                _jp2uc
 .text          0x00000000010f2c98      0xd0c /opt/gcc-linaro-7.2.1-2017.11-x86_64_arm-eabi/arm-eabi/libc/usr/lib/libc.a(lib_a-locale.o)
                0x00000000010f2d2c                __loadlocale
                0x00000000010f3564                __get_locale_env
                0x00000000010f35f8                _setlocale_r
                0x00000000010f3934                __locale_mb_cur_max
                0x00000000010f395c                __locale_ctype_ptr_l
                0x00000000010f3964                __locale_ctype_ptr
                0x00000000010f398c                setlocale
 .text          0x00000000010f39a4       0x58 /opt/gcc-linaro-7.2.1-2017.11-x86_64_arm-eabi/arm-eabi/libc/usr/lib/libc.a(lib_a-localeconv.o)
                0x00000000010f39a4                __localeconv_l
                0x00000000010f39ac                _localeconv_r
                0x00000000010f39d4                localeconv
 .text          0x00000000010f39fc       0x48 /opt/gcc-linaro-7.2.1-2017.11-x86_64_arm-eabi/arm-eabi/libc/usr/lib/libc.a(lib_a-lseekr.o)
                0x00000000010f39fc                _lseek_r
 .text          0x00000000010f3a44      0x760 /opt/gcc-linaro-7.2.1-2017.11-x86_64_arm-eabi/arm-eabi/libc/usr/lib/libc.a(lib_a-mallocr.o)
                0x00000000010f3a44                _malloc_r
 .text          0x00000000010f41a4      0x14c /opt/gcc-linaro-7.2.1-2017.11-x86_64_arm-eabi/arm-eabi/libc/usr/lib/libc.a(lib_a-mbrtowc.o)
                0x00000000010f41a4                _mbrtowc_r
                0x00000000010f424c                mbrtowc
 .text          0x00000000010f42f0      0x744 /opt/gcc-linaro-7.2.1-2017.11-x86_64_arm-eabi/arm-eabi/libc/usr/lib/libc.a(lib_a-mbtowc_r.o)
                0x00000000010f42f0                _mbtowc_r
                0x00000000010f4324                __ascii_mbtowc
                0x00000000010f4368                __utf8_mbtowc
                0x00000000010f4670                __sjis_mbtowc
                0x00000000010f4744                __eucjp_mbtowc
                0x00000000010f487c                __jis_mbtowc
 .text          0x00000000010f4a34      0x110 /opt/gcc-linaro-7.2.1-2017.11-x86_64_arm-eabi/arm-eabi/libc/usr/lib/libc.a(lib_a-memchr-stub.o)
                0x00000000010f4a34                memchr
 .text          0x00000000010f4b44        0x8 /opt/gcc-linaro-7.2.1-2017.11-x86_64_arm-eabi/arm-eabi/libc/usr/lib/libc.a(lib_a-mlock.o)
                0x00000000010f4b44                __malloc_lock
                0x00000000010f4b48                __malloc_unlock
 .text          0x00000000010f4b4c      0xdb8 /opt/gcc-linaro-7.2.1-2017.11-x86_64_arm-eabi/arm-eabi/libc/usr/lib/libc.a(lib_a-mprec.o)
                0x00000000010f4b4c                _Balloc
                0x00000000010f4bd8                _Bfree
                0x00000000010f4bf4                __multadd
                0x00000000010f4cd0                __s2b
                0x00000000010f4db4                __hi0bits
                0x00000000010f4e0c                __lo0bits
                0x00000000010f4eac                __i2b
                0x00000000010f4ed0                __multiply
                0x00000000010f50d0                __pow5mult
                0x00000000010f51d4                __lshift
                0x00000000010f52c8                __mcmp
                0x00000000010f5328                __mdiff
                0x00000000010f54b0                __ulp
                0x00000000010f5518                __b2d
                0x00000000010f55f8                __d2b
                0x00000000010f5710                __ratio
                0x00000000010f57a0                _mprec_log10
                0x00000000010f5800                __copybits
                0x00000000010f588c                __any_on
 .text          0x00000000010f5904       0x48 /opt/gcc-linaro-7.2.1-2017.11-x86_64_arm-eabi/arm-eabi/libc/usr/lib/libc.a(lib_a-readr.o)
                0x00000000010f5904                _read_r
 .text          0x00000000010f594c      0x124 /opt/gcc-linaro-7.2.1-2017.11-x86_64_arm-eabi/arm-eabi/libc/usr/lib/libc.a(lib_a-reent.o)
                0x00000000010f594c                cleanup_glue
                0x00000000010f5980                _reclaim_reent
 .text          0x00000000010f5a70       0x98 /opt/gcc-linaro-7.2.1-2017.11-x86_64_arm-eabi/arm-eabi/libc/usr/lib/libc.a(lib_a-s_frexp.o)
                0x00000000010f5a70                frexp
 .text          0x00000000010f5b08       0x3c /opt/gcc-linaro-7.2.1-2017.11-x86_64_arm-eabi/arm-eabi/libc/usr/lib/libc.a(lib_a-sbrkr.o)
                0x00000000010f5b08                _sbrk_r
 .text          0x00000000010f5b44       0xcc /opt/gcc-linaro-7.2.1-2017.11-x86_64_arm-eabi/arm-eabi/libc/usr/lib/libc.a(lib_a-sccl.o)
                0x00000000010f5b44                __sccl
 .text          0x00000000010f5c10        0xc /opt/gcc-linaro-7.2.1-2017.11-x86_64_arm-eabi/arm-eabi/libc/usr/lib/libc.a(lib_a-sf_nan.o)
                0x00000000010f5c10                nanf
 .text          0x00000000010f5c1c      0x104 /opt/gcc-linaro-7.2.1-2017.11-x86_64_arm-eabi/arm-eabi/libc/usr/lib/libc.a(lib_a-stpncpy.o)
                0x00000000010f5c1c                stpncpy
 .text          0x00000000010f5d20       0x70 /opt/gcc-linaro-7.2.1-2017.11-x86_64_arm-eabi/arm-eabi/libc/usr/lib/libc.a(lib_a-strcasecmp.o)
                0x00000000010f5d20                strcasecmp
 .text          0x00000000010f5d90       0x74 /opt/gcc-linaro-7.2.1-2017.11-x86_64_arm-eabi/arm-eabi/libc/usr/lib/libc.a(lib_a-strcat.o)
                0x00000000010f5d90                strcat
 .text          0x00000000010f5e04      0x184 /opt/gcc-linaro-7.2.1-2017.11-x86_64_arm-eabi/arm-eabi/libc/usr/lib/libc.a(lib_a-strchr.o)
                0x00000000010f5e04                strchr
 .text          0x00000000010f5f88       0x54 /opt/gcc-linaro-7.2.1-2017.11-x86_64_arm-eabi/arm-eabi/libc/usr/lib/libc.a(lib_a-strlcpy.o)
                0x00000000010f5f88                strlcpy
 .text          0x00000000010f5fdc       0x94 /opt/gcc-linaro-7.2.1-2017.11-x86_64_arm-eabi/arm-eabi/libc/usr/lib/libc.a(lib_a-strncasecmp.o)
                0x00000000010f5fdc                strncasecmp
 .text          0x00000000010f6070     0x18a4 /opt/gcc-linaro-7.2.1-2017.11-x86_64_arm-eabi/arm-eabi/libc/usr/lib/libc.a(lib_a-strtod.o)
                0x00000000010f6070                _strtod_l
                0x00000000010f76b0                _strtod_r
                0x00000000010f76d4                strtod_l
                0x00000000010f76f0                strtod
                0x00000000010f7728                strtof_l
                0x00000000010f7814                strtof
 .text          0x00000000010f7914      0x354 /opt/gcc-linaro-7.2.1-2017.11-x86_64_arm-eabi/arm-eabi/libc/usr/lib/libc.a(lib_a-strtoll.o)
                0x00000000010f7ba8                _strtoll_r
                0x00000000010f7be4                strtoll_l
                0x00000000010f7c1c                strtoll
 .text          0x00000000010f7c68      0x338 /opt/gcc-linaro-7.2.1-2017.11-x86_64_arm-eabi/arm-eabi/libc/usr/lib/libc.a(lib_a-strtoull.o)
                0x00000000010f7ee0                _strtoull_r
                0x00000000010f7f1c                strtoull_l
                0x00000000010f7f54                strtoull
 .text          0x00000000010f7fa0     0x9c7c /opt/gcc-linaro-7.2.1-2017.11-x86_64_arm-eabi/arm-eabi/libc/usr/lib/libc.a(lib_a-svfiprintf.o)
                0x00000000010ff074                __ssprint_r
                0x00000000010ff204                _svfiprintf_r
 .text          0x0000000001101c1c     0x20e8 /opt/gcc-linaro-7.2.1-2017.11-x86_64_arm-eabi/arm-eabi/libc/usr/lib/libc.a(lib_a-svfiscanf.o)
                0x0000000001101c1c                _sungetc_r
                0x0000000001101d00                __ssrefill_r
                0x0000000001101d6c                _sfread_r
                0x0000000001101e3c                __ssvfiscanf_r
 .text          0x0000000001103d04      0xa0c /opt/gcc-linaro-7.2.1-2017.11-x86_64_arm-eabi/arm-eabi/libc/usr/lib/libc.a(lib_a-syscalls.o)
                0x0000000001103dbc                initialise_monitor_handles
                0x0000000001103e6c                _swiread
                0x0000000001103eb0                _read
                0x0000000001103f78                _swilseek
                0x0000000001104074                _lseek
                0x0000000001104094                _swiwrite
                0x00000000011040d8                _write
                0x00000000011041a4                _swiopen
                0x00000000011042a8                _open
                0x00000000011042dc                _swiclose
                0x0000000001104350                _close
                0x0000000001104370                _kill
                0x00000000011043a8                _exit
                0x00000000011043d0                _getpid
                0x00000000011043d8                _sbrk
                0x0000000001104438                _fstat
                0x000000000110446c                _stat
                0x00000000011044d8                _link
                0x00000000011044e0                _unlink
                0x0000000001104538                _raise
                0x000000000110453c                _gettimeofday
                0x0000000001104584                _times
                0x00000000011045c0                _isatty
                0x0000000001104610                _system
                0x00000000011046a4                _rename
 .text          0x0000000001104710      0x23c /opt/gcc-linaro-7.2.1-2017.11-x86_64_arm-eabi/arm-eabi/libc/usr/lib/libc.a(lib_a-ungetc.o)
                0x0000000001104710                __submore
                0x00000000011047c0                _ungetc_r
                0x0000000001104934                ungetc
 .text          0x000000000110494c      0x21c /opt/gcc-linaro-7.2.1-2017.11-x86_64_arm-eabi/arm-eabi/libc/usr/lib/libc.a(lib_a-wcsnrtombs.o)
                0x000000000110494c                _wcsnrtombs_l
                0x0000000001104ac8                _wcsnrtombs_r
                0x0000000001104b10                wcsnrtombs
 .text          0x0000000001104b68      0x35c /opt/gcc-linaro-7.2.1-2017.11-x86_64_arm-eabi/arm-eabi/libc/usr/lib/libc.a(lib_a-wctomb_r.o)
                0x0000000001104b68                _wctomb_r
                0x0000000001104b9c                __ascii_wctomb
                0x0000000001104bc4                __utf8_wctomb
                0x0000000001104cb0                __sjis_wctomb
                0x0000000001104d38                __eucjp_wctomb
                0x0000000001104de8                __jis_wctomb
 .text          0x0000000001104ec4       0x98 /opt/gcc-linaro-7.2.1-2017.11-x86_64_arm-eabi/arm-eabi/libc/usr/lib/libc.a(lib_a-callocr.o)
                0x0000000001104ec4                _calloc_r
 .text          0x0000000001104f5c       0x10 /opt/gcc-linaro-7.2.1-2017.11-x86_64_arm-eabi/arm-eabi/libc/usr/lib/libc.a(lib_a-ctype_.o)
                0x0000000001104f5c                __set_ctype
 .text          0x0000000001104f6c       0x10 /opt/gcc-linaro-7.2.1-2017.11-x86_64_arm-eabi/arm-eabi/libc/usr/lib/libc.a(lib_a-errno.o)
                0x0000000001104f6c                __errno
 .text          0x0000000001104f7c      0x2dc /opt/gcc-linaro-7.2.1-2017.11-x86_64_arm-eabi/arm-eabi/libc/usr/lib/libc.a(lib_a-fflush.o)
                0x0000000001104f7c                __sflush_r
                0x00000000011051c4                _fflush_r
                0x0000000001105220                fflush
 .text          0x0000000001105258      0x340 /opt/gcc-linaro-7.2.1-2017.11-x86_64_arm-eabi/arm-eabi/libc/usr/lib/libc.a(lib_a-findfp.o)
                0x0000000001105260                _cleanup_r
                0x00000000011053c8                __sfmoreglue
                0x0000000001105418                __sfp
                0x000000000110550c                _cleanup
                0x0000000001105530                __sinit
                0x0000000001105540                __sfp_lock_acquire
                0x0000000001105544                __sfp_lock_release
                0x0000000001105548                __sinit_lock_acquire
                0x000000000110554c                __sinit_lock_release
                0x0000000001105550                __fp_lock_all
                0x0000000001105574                __fp_unlock_all
 .text          0x0000000001105598       0xf8 /opt/gcc-linaro-7.2.1-2017.11-x86_64_arm-eabi/arm-eabi/libc/usr/lib/libc.a(lib_a-fwalk.o)
                0x0000000001105598                _fwalk
                0x0000000001105610                _fwalk_reent
 .text          0x0000000001105690      0x90c /opt/gcc-linaro-7.2.1-2017.11-x86_64_arm-eabi/arm-eabi/libc/usr/lib/libc.a(lib_a-gdtoa-gethex.o)
                0x000000000110579c                __gethex
 .text          0x0000000001105f9c      0x2c8 /opt/gcc-linaro-7.2.1-2017.11-x86_64_arm-eabi/arm-eabi/libc/usr/lib/libc.a(lib_a-gdtoa-hexnan.o)
                0x0000000001105f9c                __match
                0x0000000001106004                __hexnan
 .text          0x0000000001106264       0xec /opt/gcc-linaro-7.2.1-2017.11-x86_64_arm-eabi/arm-eabi/libc/usr/lib/libc.a(lib_a-getenv_r.o)
                0x0000000001106264                _findenv_r
                0x0000000001106334                _getenv_r
 .text          0x0000000001106350      0x4dc /opt/gcc-linaro-7.2.1-2017.11-x86_64_arm-eabi/arm-eabi/libc/usr/lib/libc.a(lib_a-reallocr.o)
                0x0000000001106350                _realloc_r
 .text          0x000000000110682c        0x0 /opt/gcc-linaro-7.2.1-2017.11-x86_64_arm-eabi/arm-eabi/libc/usr/lib/libc.a(lib_a-environ.o)
 .text          0x000000000110682c        0x8 /opt/gcc-linaro-7.2.1-2017.11-x86_64_arm-eabi/arm-eabi/libc/usr/lib/libc.a(lib_a-envlock.o)
                0x000000000110682c                __env_lock
                0x0000000001106830                __env_unlock
 .text          0x0000000001106834      0x114 /opt/gcc-linaro-7.2.1-2017.11-x86_64_arm-eabi/arm-eabi/libc/usr/lib/libc.a(lib_a-fclose.o)
                0x0000000001106834                _fclose_r
                0x0000000001106934                fclose
 .text          0x0000000001106948        0x8 /opt/gcc-linaro-7.2.1-2017.11-x86_64_arm-eabi/arm-eabi/libc/usr/lib/libm.a(lib_a-sf_fabs.o)
                0x0000000001106948                fabsf
 .text          0x0000000001106950       0xcc /opt/gcc-linaro-7.2.1-2017.11-x86_64_arm-eabi/arm-eabi/libc/usr/lib/libm.a(lib_a-sf_sin.o)
                0x0000000001106950                sinf
 .text          0x0000000001106a1c       0x84 /opt/gcc-linaro-7.2.1-2017.11-x86_64_arm-eabi/arm-eabi/libc/usr/lib/libm.a(lib_a-sf_tan.o)
                0x0000000001106a1c                tanf
 .text          0x0000000001106aa0       0x10 /opt/gcc-linaro-7.2.1-2017.11-x86_64_arm-eabi/arm-eabi/libc/usr/lib/libm.a(lib_a-wf_atan2.o)
                0x0000000001106aa0                atan2f
 .text          0x0000000001106ab0      0x500 /opt/gcc-linaro-7.2.1-2017.11-x86_64_arm-eabi/arm-eabi/libc/usr/lib/libm.a(lib_a-wf_pow.o)
                0x0000000001106ab0                powf
 .text          0x0000000001106fb0      0x130 /opt/gcc-linaro-7.2.1-2017.11-x86_64_arm-eabi/arm-eabi/libc/usr/lib/libm.a(lib_a-wf_sqrt.o)
                0x0000000001106fb0                sqrtf
 .text          0x00000000011070e0      0x1b0 /opt/gcc-linaro-7.2.1-2017.11-x86_64_arm-eabi/arm-eabi/libc/usr/lib/libm.a(lib_a-ef_atan2.o)
                0x00000000011070e0                __ieee754_atan2f
 .text          0x0000000001107290      0x9a8 /opt/gcc-linaro-7.2.1-2017.11-x86_64_arm-eabi/arm-eabi/libc/usr/lib/libm.a(lib_a-ef_pow.o)
                0x0000000001107290                __ieee754_powf
 .text          0x0000000001107c38      0x458 /opt/gcc-linaro-7.2.1-2017.11-x86_64_arm-eabi/arm-eabi/libc/usr/lib/libm.a(lib_a-ef_rem_pio2.o)
                0x0000000001107c38                __ieee754_rem_pio2f
 .text          0x0000000001108090      0x104 /opt/gcc-linaro-7.2.1-2017.11-x86_64_arm-eabi/arm-eabi/libc/usr/lib/libm.a(lib_a-ef_sqrt.o)
                0x0000000001108090                __ieee754_sqrtf
 .text          0x0000000001108194      0x21c /opt/gcc-linaro-7.2.1-2017.11-x86_64_arm-eabi/arm-eabi/libc/usr/lib/libm.a(lib_a-kf_cos.o)
                0x0000000001108194                __kernel_cosf
 .text          0x00000000011083b0      0x94c /opt/gcc-linaro-7.2.1-2017.11-x86_64_arm-eabi/arm-eabi/libc/usr/lib/libm.a(lib_a-kf_rem_pio2.o)
                0x00000000011083b0                __kernel_rem_pio2f